<testsuites id="" name="" tests="616" failures="37" skipped="399" errors="0" time="205.485725">
<testsuite name="forms.spec.js" timestamp="2025-07-17T02:05:28.079Z" hostname="chromium" tests="11" failures="0" skipped="0" time="34.802" errors="0">
<testcase name="Forms Tests › Contact Form › should display contact form correctly" classname="forms.spec.js" time="2.877">
</testcase>
<testcase name="Forms Tests › Contact Form › should validate required fields" classname="forms.spec.js" time="3.333">
</testcase>
<testcase name="Forms Tests › Contact Form › should fill out contact form successfully" classname="forms.spec.js" time="3.187">
</testcase>
<testcase name="Forms Tests › Contact Form › should validate email format" classname="forms.spec.js" time="3.133">
</testcase>
<testcase name="Forms Tests › Payment Form › should display payment form correctly" classname="forms.spec.js" time="2.352">
</testcase>
<testcase name="Forms Tests › Payment Form › should validate payment form fields" classname="forms.spec.js" time="2.887">
</testcase>
<testcase name="Forms Tests › Payment Form › should fill out payment form successfully" classname="forms.spec.js" time="3.117">
</testcase>
<testcase name="Forms Tests › Payment Form › should show payment features" classname="forms.spec.js" time="2.977">
</testcase>
<testcase name="Forms Tests › Payment Form › should handle payment form submission" classname="forms.spec.js" time="5.529">
</testcase>
<testcase name="Forms Tests › Form Accessibility › should have proper form labels and accessibility" classname="forms.spec.js" time="2.749">
</testcase>
<testcase name="Forms Tests › Form Accessibility › should support keyboard navigation" classname="forms.spec.js" time="2.661">
</testcase>
</testsuite>
<testsuite name="homepage.spec.js" timestamp="2025-07-17T02:05:28.079Z" hostname="chromium" tests="12" failures="0" skipped="0" time="33.094" errors="0">
<testcase name="Homepage Tests › should load homepage successfully" classname="homepage.spec.js" time="3.061">
</testcase>
<testcase name="Homepage Tests › should have working navigation menu" classname="homepage.spec.js" time="2.755">
</testcase>
<testcase name="Homepage Tests › should display hero section correctly" classname="homepage.spec.js" time="2.732">
</testcase>
<testcase name="Homepage Tests › should display statistics section" classname="homepage.spec.js" time="2.806">
</testcase>
<testcase name="Homepage Tests › should display all service cards" classname="homepage.spec.js" time="2.645">
</testcase>
<testcase name="Homepage Tests › should have working service card links" classname="homepage.spec.js" time="2.625">
</testcase>
<testcase name="Homepage Tests › should display equipment showcase" classname="homepage.spec.js" time="2.986">
</testcase>
<testcase name="Homepage Tests › should display projects section" classname="homepage.spec.js" time="2.65">
</testcase>
<testcase name="Homepage Tests › should display about section" classname="homepage.spec.js" time="2.726">
</testcase>
<testcase name="Homepage Tests › should display contact section" classname="homepage.spec.js" time="2.925">
</testcase>
<testcase name="Homepage Tests › should display payment section" classname="homepage.spec.js" time="2.593">
</testcase>
<testcase name="Homepage Tests › should display footer" classname="homepage.spec.js" time="2.59">
</testcase>
</testsuite>
<testsuite name="service-pages.spec.js" timestamp="2025-07-17T02:05:28.079Z" hostname="chromium" tests="65" failures="16" skipped="0" time="100.399" errors="0">
<testcase name="Service Pages Tests › Heavy Hauling Services Page › should load page successfully" classname="service-pages.spec.js" time="1.372">
</testcase>
<testcase name="Service Pages Tests › Heavy Hauling Services Page › should have proper navigation" classname="service-pages.spec.js" time="1.42">
<failure message="service-pages.spec.js:32:7 should have proper navigation" type="FAILURE">
<![CDATA[  [chromium] › service-pages.spec.js:32:7 › Service Pages Tests › Heavy Hauling Services Page › should have proper navigation 

    Error: expect.toContainText: Error: strict mode violation: locator('nav a[href="index.html#contact"]') resolved to 2 elements:
        1) <a href="index.html#contact">Contact</a> aka locator('#nav').getByRole('link', { name: 'Contact' })
        2) <a class="cta-button" href="index.html#contact">Get Quote</a> aka locator('#nav').getByRole('link', { name: 'Get Quote' })

    Call log:
      - Expect "toContainText" with timeout 5000ms
      - waiting for locator('nav a[href="index.html#contact"]')


      39 |         await expect(page.locator('nav a[href="index.html#services"]')).toContainText('Services');
      40 |         await expect(page.locator('nav a[href="index.html#about"]')).toContainText('About');
    > 41 |         await expect(page.locator('nav a[href="index.html#contact"]')).toContainText('Contact');
         |                                                                        ^
      42 |         
      43 |         // Check CTA button
      44 |         await expect(page.locator('.cta-button')).toContainText('Get Quote');
        at /home/hlesesne/git/personal/graham-roten-enterprises/tests/service-pages.spec.js:41:72

    attachment #1: screenshot (image/png) ──────────────────────────────────────────────────────────
    ../test-results/service-pages-Service-Page-0ee30-ould-have-proper-navigation-chromium/test-failed-1.png
    ────────────────────────────────────────────────────────────────────────────────────────────────

    attachment #2: video (video/webm) ──────────────────────────────────────────────────────────────
    ../test-results/service-pages-Service-Page-0ee30-ould-have-proper-navigation-chromium/video.webm
    ────────────────────────────────────────────────────────────────────────────────────────────────

    Error Context: ../test-results/service-pages-Service-Page-0ee30-ould-have-proper-navigation-chromium/error-context.md
]]>
</failure>
<system-out>
<![CDATA[
[[ATTACHMENT|service-pages-Service-Page-0ee30-ould-have-proper-navigation-chromium/test-failed-1.png]]

[[ATTACHMENT|service-pages-Service-Page-0ee30-ould-have-proper-navigation-chromium/video.webm]]

[[ATTACHMENT|service-pages-Service-Page-0ee30-ould-have-proper-navigation-chromium/error-context.md]]
]]>
</system-out>
</testcase>
<testcase name="Service Pages Tests › Heavy Hauling Services Page › should display hero section correctly" classname="service-pages.spec.js" time="1.356">
</testcase>
<testcase name="Service Pages Tests › Heavy Hauling Services Page › should display service details section" classname="service-pages.spec.js" time="1.36">
<failure message="service-pages.spec.js:58:7 should display service details section" type="FAILURE">
<![CDATA[  [chromium] › service-pages.spec.js:58:7 › Service Pages Tests › Heavy Hauling Services Page › should display service details section 

    Error: expect.toContainText: Error: strict mode violation: locator('.service-main h3') resolved to 3 elements:
        1) <h3>What We Provide</h3> aka getByRole('heading', { name: 'What We Provide' })
        2) <h3>Service Areas</h3> aka getByRole('heading', { name: 'Service Areas' })
        3) <h3>Equipment & Capabilities</h3> aka getByRole('heading', { name: 'Equipment & Capabilities' })

    Call log:
      - Expect "toContainText" with timeout 5000ms
      - waiting for locator('.service-main h3')


      71 |         
      72 |         // Check service areas section
    > 73 |         await expect(page.locator('.service-main h3')).toContainText('Service Areas');
         |                                                        ^
      74 |       });
      75 |
      76 |       test('should display sidebar with testimonial', async ({ page }) => {
        at /home/hlesesne/git/personal/graham-roten-enterprises/tests/service-pages.spec.js:73:56

    attachment #1: screenshot (image/png) ──────────────────────────────────────────────────────────
    ../test-results/service-pages-Service-Page-02f69-lay-service-details-section-chromium/test-failed-1.png
    ────────────────────────────────────────────────────────────────────────────────────────────────

    attachment #2: video (video/webm) ──────────────────────────────────────────────────────────────
    ../test-results/service-pages-Service-Page-02f69-lay-service-details-section-chromium/video.webm
    ────────────────────────────────────────────────────────────────────────────────────────────────

    Error Context: ../test-results/service-pages-Service-Page-02f69-lay-service-details-section-chromium/error-context.md
]]>
</failure>
<system-out>
<![CDATA[
[[ATTACHMENT|service-pages-Service-Page-02f69-lay-service-details-section-chromium/test-failed-1.png]]

[[ATTACHMENT|service-pages-Service-Page-02f69-lay-service-details-section-chromium/video.webm]]

[[ATTACHMENT|service-pages-Service-Page-02f69-lay-service-details-section-chromium/error-context.md]]
]]>
</system-out>
</testcase>
<testcase name="Service Pages Tests › Heavy Hauling Services Page › should display sidebar with testimonial" classname="service-pages.spec.js" time="1.26">
</testcase>
<testcase name="Service Pages Tests › Heavy Hauling Services Page › should display service gallery" classname="service-pages.spec.js" time="1.728">
</testcase>
<testcase name="Service Pages Tests › Heavy Hauling Services Page › should display footer" classname="service-pages.spec.js" time="1.247">
</testcase>
<testcase name="Service Pages Tests › Heavy Hauling Services Page › should be responsive on mobile" classname="service-pages.spec.js" time="1.388">
</testcase>
<testcase name="Service Pages Tests › Gravel &amp; Stone Delivery Page › should load page successfully" classname="service-pages.spec.js" time="1.264">
</testcase>
<testcase name="Service Pages Tests › Gravel &amp; Stone Delivery Page › should have proper navigation" classname="service-pages.spec.js" time="1.587">
<failure message="service-pages.spec.js:32:7 should have proper navigation" type="FAILURE">
<![CDATA[  [chromium] › service-pages.spec.js:32:7 › Service Pages Tests › Gravel & Stone Delivery Page › should have proper navigation 

    Error: expect.toContainText: Error: strict mode violation: locator('nav a[href="index.html#contact"]') resolved to 2 elements:
        1) <a href="index.html#contact">Contact</a> aka locator('#nav').getByRole('link', { name: 'Contact' })
        2) <a class="cta-button" href="index.html#contact">Get Quote</a> aka locator('#nav').getByRole('link', { name: 'Get Quote' })

    Call log:
      - Expect "toContainText" with timeout 5000ms
      - waiting for locator('nav a[href="index.html#contact"]')


      39 |         await expect(page.locator('nav a[href="index.html#services"]')).toContainText('Services');
      40 |         await expect(page.locator('nav a[href="index.html#about"]')).toContainText('About');
    > 41 |         await expect(page.locator('nav a[href="index.html#contact"]')).toContainText('Contact');
         |                                                                        ^
      42 |         
      43 |         // Check CTA button
      44 |         await expect(page.locator('.cta-button')).toContainText('Get Quote');
        at /home/hlesesne/git/personal/graham-roten-enterprises/tests/service-pages.spec.js:41:72

    attachment #1: screenshot (image/png) ──────────────────────────────────────────────────────────
    ../test-results/service-pages-Service-Page-dcbc8-ould-have-proper-navigation-chromium/test-failed-1.png
    ────────────────────────────────────────────────────────────────────────────────────────────────

    attachment #2: video (video/webm) ──────────────────────────────────────────────────────────────
    ../test-results/service-pages-Service-Page-dcbc8-ould-have-proper-navigation-chromium/video.webm
    ────────────────────────────────────────────────────────────────────────────────────────────────

    Error Context: ../test-results/service-pages-Service-Page-dcbc8-ould-have-proper-navigation-chromium/error-context.md
]]>
</failure>
<system-out>
<![CDATA[
[[ATTACHMENT|service-pages-Service-Page-dcbc8-ould-have-proper-navigation-chromium/test-failed-1.png]]

[[ATTACHMENT|service-pages-Service-Page-dcbc8-ould-have-proper-navigation-chromium/video.webm]]

[[ATTACHMENT|service-pages-Service-Page-dcbc8-ould-have-proper-navigation-chromium/error-context.md]]
]]>
</system-out>
</testcase>
<testcase name="Service Pages Tests › Gravel &amp; Stone Delivery Page › should display hero section correctly" classname="service-pages.spec.js" time="1.463">
</testcase>
<testcase name="Service Pages Tests › Gravel &amp; Stone Delivery Page › should display service details section" classname="service-pages.spec.js" time="1.745">
<failure message="service-pages.spec.js:58:7 should display service details section" type="FAILURE">
<![CDATA[  [chromium] › service-pages.spec.js:58:7 › Service Pages Tests › Gravel & Stone Delivery Page › should display service details section 

    Error: expect.toContainText: Error: strict mode violation: locator('.service-main h3') resolved to 3 elements:
        1) <h3>What We Provide</h3> aka getByRole('heading', { name: 'What We Provide' })
        2) <h3>Service Areas</h3> aka getByRole('heading', { name: 'Service Areas' })
        3) <h3>Material Types & Applications</h3> aka getByRole('heading', { name: 'Material Types & Applications' })

    Call log:
      - Expect "toContainText" with timeout 5000ms
      - waiting for locator('.service-main h3')


      71 |         
      72 |         // Check service areas section
    > 73 |         await expect(page.locator('.service-main h3')).toContainText('Service Areas');
         |                                                        ^
      74 |       });
      75 |
      76 |       test('should display sidebar with testimonial', async ({ page }) => {
        at /home/hlesesne/git/personal/graham-roten-enterprises/tests/service-pages.spec.js:73:56

    attachment #1: screenshot (image/png) ──────────────────────────────────────────────────────────
    ../test-results/service-pages-Service-Page-422e7-lay-service-details-section-chromium/test-failed-1.png
    ────────────────────────────────────────────────────────────────────────────────────────────────

    attachment #2: video (video/webm) ──────────────────────────────────────────────────────────────
    ../test-results/service-pages-Service-Page-422e7-lay-service-details-section-chromium/video.webm
    ────────────────────────────────────────────────────────────────────────────────────────────────

    Error Context: ../test-results/service-pages-Service-Page-422e7-lay-service-details-section-chromium/error-context.md
]]>
</failure>
<system-out>
<![CDATA[
[[ATTACHMENT|service-pages-Service-Page-422e7-lay-service-details-section-chromium/test-failed-1.png]]

[[ATTACHMENT|service-pages-Service-Page-422e7-lay-service-details-section-chromium/video.webm]]

[[ATTACHMENT|service-pages-Service-Page-422e7-lay-service-details-section-chromium/error-context.md]]
]]>
</system-out>
</testcase>
<testcase name="Service Pages Tests › Gravel &amp; Stone Delivery Page › should display sidebar with testimonial" classname="service-pages.spec.js" time="1.86">
</testcase>
<testcase name="Service Pages Tests › Gravel &amp; Stone Delivery Page › should display service gallery" classname="service-pages.spec.js" time="1.527">
</testcase>
<testcase name="Service Pages Tests › Gravel &amp; Stone Delivery Page › should display footer" classname="service-pages.spec.js" time="1.62">
</testcase>
<testcase name="Service Pages Tests › Gravel &amp; Stone Delivery Page › should be responsive on mobile" classname="service-pages.spec.js" time="1.276">
</testcase>
<testcase name="Service Pages Tests › Site Preparation Services Page › should load page successfully" classname="service-pages.spec.js" time="1.517">
</testcase>
<testcase name="Service Pages Tests › Site Preparation Services Page › should have proper navigation" classname="service-pages.spec.js" time="2.032">
<failure message="service-pages.spec.js:32:7 should have proper navigation" type="FAILURE">
<![CDATA[  [chromium] › service-pages.spec.js:32:7 › Service Pages Tests › Site Preparation Services Page › should have proper navigation 

    Error: expect.toContainText: Error: strict mode violation: locator('nav a[href="index.html#contact"]') resolved to 2 elements:
        1) <a href="index.html#contact">Contact</a> aka locator('#nav').getByRole('link', { name: 'Contact' })
        2) <a class="cta-button" href="index.html#contact">Get Quote</a> aka locator('#nav').getByRole('link', { name: 'Get Quote' })

    Call log:
      - Expect "toContainText" with timeout 5000ms
      - waiting for locator('nav a[href="index.html#contact"]')


      39 |         await expect(page.locator('nav a[href="index.html#services"]')).toContainText('Services');
      40 |         await expect(page.locator('nav a[href="index.html#about"]')).toContainText('About');
    > 41 |         await expect(page.locator('nav a[href="index.html#contact"]')).toContainText('Contact');
         |                                                                        ^
      42 |         
      43 |         // Check CTA button
      44 |         await expect(page.locator('.cta-button')).toContainText('Get Quote');
        at /home/hlesesne/git/personal/graham-roten-enterprises/tests/service-pages.spec.js:41:72

    attachment #1: screenshot (image/png) ──────────────────────────────────────────────────────────
    ../test-results/service-pages-Service-Page-e15a7-ould-have-proper-navigation-chromium/test-failed-1.png
    ────────────────────────────────────────────────────────────────────────────────────────────────

    attachment #2: video (video/webm) ──────────────────────────────────────────────────────────────
    ../test-results/service-pages-Service-Page-e15a7-ould-have-proper-navigation-chromium/video.webm
    ────────────────────────────────────────────────────────────────────────────────────────────────

    Error Context: ../test-results/service-pages-Service-Page-e15a7-ould-have-proper-navigation-chromium/error-context.md
]]>
</failure>
<system-out>
<![CDATA[
[[ATTACHMENT|service-pages-Service-Page-e15a7-ould-have-proper-navigation-chromium/test-failed-1.png]]

[[ATTACHMENT|service-pages-Service-Page-e15a7-ould-have-proper-navigation-chromium/video.webm]]

[[ATTACHMENT|service-pages-Service-Page-e15a7-ould-have-proper-navigation-chromium/error-context.md]]
]]>
</system-out>
</testcase>
<testcase name="Service Pages Tests › Site Preparation Services Page › should display hero section correctly" classname="service-pages.spec.js" time="1.636">
</testcase>
<testcase name="Service Pages Tests › Site Preparation Services Page › should display service details section" classname="service-pages.spec.js" time="1.783">
<failure message="service-pages.spec.js:58:7 should display service details section" type="FAILURE">
<![CDATA[  [chromium] › service-pages.spec.js:58:7 › Service Pages Tests › Site Preparation Services Page › should display service details section 

    Error: expect.toContainText: Error: strict mode violation: locator('.service-main h3') resolved to 3 elements:
        1) <h3>What We Provide</h3> aka getByRole('heading', { name: 'What We Provide' })
        2) <h3>Service Areas</h3> aka getByRole('heading', { name: 'Service Areas' })
        3) <h3>Project Types & Expertise</h3> aka getByRole('heading', { name: 'Project Types & Expertise' })

    Call log:
      - Expect "toContainText" with timeout 5000ms
      - waiting for locator('.service-main h3')


      71 |         
      72 |         // Check service areas section
    > 73 |         await expect(page.locator('.service-main h3')).toContainText('Service Areas');
         |                                                        ^
      74 |       });
      75 |
      76 |       test('should display sidebar with testimonial', async ({ page }) => {
        at /home/hlesesne/git/personal/graham-roten-enterprises/tests/service-pages.spec.js:73:56

    attachment #1: screenshot (image/png) ──────────────────────────────────────────────────────────
    ../test-results/service-pages-Service-Page-94e91-lay-service-details-section-chromium/test-failed-1.png
    ────────────────────────────────────────────────────────────────────────────────────────────────

    attachment #2: video (video/webm) ──────────────────────────────────────────────────────────────
    ../test-results/service-pages-Service-Page-94e91-lay-service-details-section-chromium/video.webm
    ────────────────────────────────────────────────────────────────────────────────────────────────

    Error Context: ../test-results/service-pages-Service-Page-94e91-lay-service-details-section-chromium/error-context.md
]]>
</failure>
<system-out>
<![CDATA[
[[ATTACHMENT|service-pages-Service-Page-94e91-lay-service-details-section-chromium/test-failed-1.png]]

[[ATTACHMENT|service-pages-Service-Page-94e91-lay-service-details-section-chromium/video.webm]]

[[ATTACHMENT|service-pages-Service-Page-94e91-lay-service-details-section-chromium/error-context.md]]
]]>
</system-out>
</testcase>
<testcase name="Service Pages Tests › Site Preparation Services Page › should display sidebar with testimonial" classname="service-pages.spec.js" time="1.834">
</testcase>
<testcase name="Service Pages Tests › Site Preparation Services Page › should display service gallery" classname="service-pages.spec.js" time="1.455">
</testcase>
<testcase name="Service Pages Tests › Site Preparation Services Page › should display footer" classname="service-pages.spec.js" time="1.68">
</testcase>
<testcase name="Service Pages Tests › Site Preparation Services Page › should be responsive on mobile" classname="service-pages.spec.js" time="1.005">
</testcase>
<testcase name="Service Pages Tests › Residential Services Page › should load page successfully" classname="service-pages.spec.js" time="1.557">
</testcase>
<testcase name="Service Pages Tests › Residential Services Page › should have proper navigation" classname="service-pages.spec.js" time="1.487">
<failure message="service-pages.spec.js:32:7 should have proper navigation" type="FAILURE">
<![CDATA[  [chromium] › service-pages.spec.js:32:7 › Service Pages Tests › Residential Services Page › should have proper navigation 

    Error: expect.toContainText: Error: strict mode violation: locator('nav a[href="index.html#contact"]') resolved to 2 elements:
        1) <a href="index.html#contact">Contact</a> aka locator('#nav').getByRole('link', { name: 'Contact' })
        2) <a class="cta-button" href="index.html#contact">Get Quote</a> aka locator('#nav').getByRole('link', { name: 'Get Quote' })

    Call log:
      - Expect "toContainText" with timeout 5000ms
      - waiting for locator('nav a[href="index.html#contact"]')


      39 |         await expect(page.locator('nav a[href="index.html#services"]')).toContainText('Services');
      40 |         await expect(page.locator('nav a[href="index.html#about"]')).toContainText('About');
    > 41 |         await expect(page.locator('nav a[href="index.html#contact"]')).toContainText('Contact');
         |                                                                        ^
      42 |         
      43 |         // Check CTA button
      44 |         await expect(page.locator('.cta-button')).toContainText('Get Quote');
        at /home/hlesesne/git/personal/graham-roten-enterprises/tests/service-pages.spec.js:41:72

    attachment #1: screenshot (image/png) ──────────────────────────────────────────────────────────
    ../test-results/service-pages-Service-Page-b9fbd-ould-have-proper-navigation-chromium/test-failed-1.png
    ────────────────────────────────────────────────────────────────────────────────────────────────

    attachment #2: video (video/webm) ──────────────────────────────────────────────────────────────
    ../test-results/service-pages-Service-Page-b9fbd-ould-have-proper-navigation-chromium/video.webm
    ────────────────────────────────────────────────────────────────────────────────────────────────

    Error Context: ../test-results/service-pages-Service-Page-b9fbd-ould-have-proper-navigation-chromium/error-context.md
]]>
</failure>
<system-out>
<![CDATA[
[[ATTACHMENT|service-pages-Service-Page-b9fbd-ould-have-proper-navigation-chromium/test-failed-1.png]]

[[ATTACHMENT|service-pages-Service-Page-b9fbd-ould-have-proper-navigation-chromium/video.webm]]

[[ATTACHMENT|service-pages-Service-Page-b9fbd-ould-have-proper-navigation-chromium/error-context.md]]
]]>
</system-out>
</testcase>
<testcase name="Service Pages Tests › Residential Services Page › should display hero section correctly" classname="service-pages.spec.js" time="1.395">
</testcase>
<testcase name="Service Pages Tests › Residential Services Page › should display service details section" classname="service-pages.spec.js" time="1.923">
<failure message="service-pages.spec.js:58:7 should display service details section" type="FAILURE">
<![CDATA[  [chromium] › service-pages.spec.js:58:7 › Service Pages Tests › Residential Services Page › should display service details section 

    Error: expect.toContainText: Error: strict mode violation: locator('.service-main h3') resolved to 3 elements:
        1) <h3>What We Provide</h3> aka getByRole('heading', { name: 'What We Provide' })
        2) <h3>Service Areas</h3> aka getByRole('heading', { name: 'Service Areas' })
        3) <h3>Homeowner-Focused Approach</h3> aka getByRole('heading', { name: 'Homeowner-Focused Approach' })

    Call log:
      - Expect "toContainText" with timeout 5000ms
      - waiting for locator('.service-main h3')


      71 |         
      72 |         // Check service areas section
    > 73 |         await expect(page.locator('.service-main h3')).toContainText('Service Areas');
         |                                                        ^
      74 |       });
      75 |
      76 |       test('should display sidebar with testimonial', async ({ page }) => {
        at /home/hlesesne/git/personal/graham-roten-enterprises/tests/service-pages.spec.js:73:56

    attachment #1: screenshot (image/png) ──────────────────────────────────────────────────────────
    ../test-results/service-pages-Service-Page-06ee3-lay-service-details-section-chromium/test-failed-1.png
    ────────────────────────────────────────────────────────────────────────────────────────────────

    attachment #2: video (video/webm) ──────────────────────────────────────────────────────────────
    ../test-results/service-pages-Service-Page-06ee3-lay-service-details-section-chromium/video.webm
    ────────────────────────────────────────────────────────────────────────────────────────────────

    Error Context: ../test-results/service-pages-Service-Page-06ee3-lay-service-details-section-chromium/error-context.md
]]>
</failure>
<system-out>
<![CDATA[
[[ATTACHMENT|service-pages-Service-Page-06ee3-lay-service-details-section-chromium/test-failed-1.png]]

[[ATTACHMENT|service-pages-Service-Page-06ee3-lay-service-details-section-chromium/video.webm]]

[[ATTACHMENT|service-pages-Service-Page-06ee3-lay-service-details-section-chromium/error-context.md]]
]]>
</system-out>
</testcase>
<testcase name="Service Pages Tests › Residential Services Page › should display sidebar with testimonial" classname="service-pages.spec.js" time="1.452">
</testcase>
<testcase name="Service Pages Tests › Residential Services Page › should display service gallery" classname="service-pages.spec.js" time="1.376">
</testcase>
<testcase name="Service Pages Tests › Residential Services Page › should display footer" classname="service-pages.spec.js" time="1.453">
</testcase>
<testcase name="Service Pages Tests › Residential Services Page › should be responsive on mobile" classname="service-pages.spec.js" time="1.261">
</testcase>
<testcase name="Service Pages Tests › Equipment Transport Page › should load page successfully" classname="service-pages.spec.js" time="1.482">
</testcase>
<testcase name="Service Pages Tests › Equipment Transport Page › should have proper navigation" classname="service-pages.spec.js" time="1.616">
<failure message="service-pages.spec.js:32:7 should have proper navigation" type="FAILURE">
<![CDATA[  [chromium] › service-pages.spec.js:32:7 › Service Pages Tests › Equipment Transport Page › should have proper navigation 

    Error: expect.toContainText: Error: strict mode violation: locator('nav a[href="index.html#contact"]') resolved to 2 elements:
        1) <a href="index.html#contact">Contact</a> aka locator('#nav').getByRole('link', { name: 'Contact' })
        2) <a class="cta-button" href="index.html#contact">Get Quote</a> aka locator('#nav').getByRole('link', { name: 'Get Quote' })

    Call log:
      - Expect "toContainText" with timeout 5000ms
      - waiting for locator('nav a[href="index.html#contact"]')


      39 |         await expect(page.locator('nav a[href="index.html#services"]')).toContainText('Services');
      40 |         await expect(page.locator('nav a[href="index.html#about"]')).toContainText('About');
    > 41 |         await expect(page.locator('nav a[href="index.html#contact"]')).toContainText('Contact');
         |                                                                        ^
      42 |         
      43 |         // Check CTA button
      44 |         await expect(page.locator('.cta-button')).toContainText('Get Quote');
        at /home/hlesesne/git/personal/graham-roten-enterprises/tests/service-pages.spec.js:41:72

    attachment #1: screenshot (image/png) ──────────────────────────────────────────────────────────
    ../test-results/service-pages-Service-Page-af43e-ould-have-proper-navigation-chromium/test-failed-1.png
    ────────────────────────────────────────────────────────────────────────────────────────────────

    attachment #2: video (video/webm) ──────────────────────────────────────────────────────────────
    ../test-results/service-pages-Service-Page-af43e-ould-have-proper-navigation-chromium/video.webm
    ────────────────────────────────────────────────────────────────────────────────────────────────

    Error Context: ../test-results/service-pages-Service-Page-af43e-ould-have-proper-navigation-chromium/error-context.md
]]>
</failure>
<system-out>
<![CDATA[
[[ATTACHMENT|service-pages-Service-Page-af43e-ould-have-proper-navigation-chromium/test-failed-1.png]]

[[ATTACHMENT|service-pages-Service-Page-af43e-ould-have-proper-navigation-chromium/video.webm]]

[[ATTACHMENT|service-pages-Service-Page-af43e-ould-have-proper-navigation-chromium/error-context.md]]
]]>
</system-out>
</testcase>
<testcase name="Service Pages Tests › Equipment Transport Page › should display hero section correctly" classname="service-pages.spec.js" time="1.392">
</testcase>
<testcase name="Service Pages Tests › Equipment Transport Page › should display service details section" classname="service-pages.spec.js" time="2.071">
<failure message="service-pages.spec.js:58:7 should display service details section" type="FAILURE">
<![CDATA[  [chromium] › service-pages.spec.js:58:7 › Service Pages Tests › Equipment Transport Page › should display service details section 

    Error: expect.toContainText: Error: strict mode violation: locator('.service-main h3') resolved to 3 elements:
        1) <h3>What We Provide</h3> aka getByRole('heading', { name: 'What We Provide' })
        2) <h3>Service Areas</h3> aka getByRole('heading', { name: 'Service Areas' })
        3) <h3>Equipment Specialization</h3> aka getByRole('heading', { name: 'Equipment Specialization' })

    Call log:
      - Expect "toContainText" with timeout 5000ms
      - waiting for locator('.service-main h3')


      71 |         
      72 |         // Check service areas section
    > 73 |         await expect(page.locator('.service-main h3')).toContainText('Service Areas');
         |                                                        ^
      74 |       });
      75 |
      76 |       test('should display sidebar with testimonial', async ({ page }) => {
        at /home/hlesesne/git/personal/graham-roten-enterprises/tests/service-pages.spec.js:73:56

    attachment #1: screenshot (image/png) ──────────────────────────────────────────────────────────
    ../test-results/service-pages-Service-Page-25fe8-lay-service-details-section-chromium/test-failed-1.png
    ────────────────────────────────────────────────────────────────────────────────────────────────

    attachment #2: video (video/webm) ──────────────────────────────────────────────────────────────
    ../test-results/service-pages-Service-Page-25fe8-lay-service-details-section-chromium/video.webm
    ────────────────────────────────────────────────────────────────────────────────────────────────

    Error Context: ../test-results/service-pages-Service-Page-25fe8-lay-service-details-section-chromium/error-context.md
]]>
</failure>
<system-out>
<![CDATA[
[[ATTACHMENT|service-pages-Service-Page-25fe8-lay-service-details-section-chromium/test-failed-1.png]]

[[ATTACHMENT|service-pages-Service-Page-25fe8-lay-service-details-section-chromium/video.webm]]

[[ATTACHMENT|service-pages-Service-Page-25fe8-lay-service-details-section-chromium/error-context.md]]
]]>
</system-out>
</testcase>
<testcase name="Service Pages Tests › Equipment Transport Page › should display sidebar with testimonial" classname="service-pages.spec.js" time="1.645">
</testcase>
<testcase name="Service Pages Tests › Equipment Transport Page › should display service gallery" classname="service-pages.spec.js" time="1.908">
</testcase>
<testcase name="Service Pages Tests › Equipment Transport Page › should display footer" classname="service-pages.spec.js" time="1.329">
</testcase>
<testcase name="Service Pages Tests › Equipment Transport Page › should be responsive on mobile" classname="service-pages.spec.js" time="1.126">
</testcase>
<testcase name="Service Pages Tests › Septic Services Page › should load page successfully" classname="service-pages.spec.js" time="1.514">
</testcase>
<testcase name="Service Pages Tests › Septic Services Page › should have proper navigation" classname="service-pages.spec.js" time="1.682">
<failure message="service-pages.spec.js:32:7 should have proper navigation" type="FAILURE">
<![CDATA[  [chromium] › service-pages.spec.js:32:7 › Service Pages Tests › Septic Services Page › should have proper navigation 

    Error: expect.toContainText: Error: strict mode violation: locator('nav a[href="index.html#contact"]') resolved to 2 elements:
        1) <a href="index.html#contact">Contact</a> aka locator('#nav').getByRole('link', { name: 'Contact' })
        2) <a class="cta-button" href="index.html#contact">Get Quote</a> aka locator('#nav').getByRole('link', { name: 'Get Quote' })

    Call log:
      - Expect "toContainText" with timeout 5000ms
      - waiting for locator('nav a[href="index.html#contact"]')


      39 |         await expect(page.locator('nav a[href="index.html#services"]')).toContainText('Services');
      40 |         await expect(page.locator('nav a[href="index.html#about"]')).toContainText('About');
    > 41 |         await expect(page.locator('nav a[href="index.html#contact"]')).toContainText('Contact');
         |                                                                        ^
      42 |         
      43 |         // Check CTA button
      44 |         await expect(page.locator('.cta-button')).toContainText('Get Quote');
        at /home/hlesesne/git/personal/graham-roten-enterprises/tests/service-pages.spec.js:41:72

    attachment #1: screenshot (image/png) ──────────────────────────────────────────────────────────
    ../test-results/service-pages-Service-Page-817a2-ould-have-proper-navigation-chromium/test-failed-1.png
    ────────────────────────────────────────────────────────────────────────────────────────────────

    attachment #2: video (video/webm) ──────────────────────────────────────────────────────────────
    ../test-results/service-pages-Service-Page-817a2-ould-have-proper-navigation-chromium/video.webm
    ────────────────────────────────────────────────────────────────────────────────────────────────

    Error Context: ../test-results/service-pages-Service-Page-817a2-ould-have-proper-navigation-chromium/error-context.md
]]>
</failure>
<system-out>
<![CDATA[
[[ATTACHMENT|service-pages-Service-Page-817a2-ould-have-proper-navigation-chromium/test-failed-1.png]]

[[ATTACHMENT|service-pages-Service-Page-817a2-ould-have-proper-navigation-chromium/video.webm]]

[[ATTACHMENT|service-pages-Service-Page-817a2-ould-have-proper-navigation-chromium/error-context.md]]
]]>
</system-out>
</testcase>
<testcase name="Service Pages Tests › Septic Services Page › should display hero section correctly" classname="service-pages.spec.js" time="1.537">
</testcase>
<testcase name="Service Pages Tests › Septic Services Page › should display service details section" classname="service-pages.spec.js" time="1.763">
<failure message="service-pages.spec.js:58:7 should display service details section" type="FAILURE">
<![CDATA[  [chromium] › service-pages.spec.js:58:7 › Service Pages Tests › Septic Services Page › should display service details section 

    Error: expect.toContainText: Error: strict mode violation: locator('.service-main h3') resolved to 3 elements:
        1) <h3>What We Provide</h3> aka getByRole('heading', { name: 'What We Provide' })
        2) <h3>Service Areas</h3> aka getByRole('heading', { name: 'Service Areas' })
        3) <h3>Mountain Septic Expertise</h3> aka getByRole('heading', { name: 'Mountain Septic Expertise' })

    Call log:
      - Expect "toContainText" with timeout 5000ms
      - waiting for locator('.service-main h3')


      71 |         
      72 |         // Check service areas section
    > 73 |         await expect(page.locator('.service-main h3')).toContainText('Service Areas');
         |                                                        ^
      74 |       });
      75 |
      76 |       test('should display sidebar with testimonial', async ({ page }) => {
        at /home/hlesesne/git/personal/graham-roten-enterprises/tests/service-pages.spec.js:73:56

    attachment #1: screenshot (image/png) ──────────────────────────────────────────────────────────
    ../test-results/service-pages-Service-Page-9e0d0-lay-service-details-section-chromium/test-failed-1.png
    ────────────────────────────────────────────────────────────────────────────────────────────────

    attachment #2: video (video/webm) ──────────────────────────────────────────────────────────────
    ../test-results/service-pages-Service-Page-9e0d0-lay-service-details-section-chromium/video.webm
    ────────────────────────────────────────────────────────────────────────────────────────────────

    Error Context: ../test-results/service-pages-Service-Page-9e0d0-lay-service-details-section-chromium/error-context.md
]]>
</failure>
<system-out>
<![CDATA[
[[ATTACHMENT|service-pages-Service-Page-9e0d0-lay-service-details-section-chromium/test-failed-1.png]]

[[ATTACHMENT|service-pages-Service-Page-9e0d0-lay-service-details-section-chromium/video.webm]]

[[ATTACHMENT|service-pages-Service-Page-9e0d0-lay-service-details-section-chromium/error-context.md]]
]]>
</system-out>
</testcase>
<testcase name="Service Pages Tests › Septic Services Page › should display sidebar with testimonial" classname="service-pages.spec.js" time="1.501">
</testcase>
<testcase name="Service Pages Tests › Septic Services Page › should display service gallery" classname="service-pages.spec.js" time="1.955">
</testcase>
<testcase name="Service Pages Tests › Septic Services Page › should display footer" classname="service-pages.spec.js" time="1.471">
</testcase>
<testcase name="Service Pages Tests › Septic Services Page › should be responsive on mobile" classname="service-pages.spec.js" time="1.093">
</testcase>
<testcase name="Service Pages Tests › Welding &amp; Fabrication Page › should load page successfully" classname="service-pages.spec.js" time="1.506">
</testcase>
<testcase name="Service Pages Tests › Welding &amp; Fabrication Page › should have proper navigation" classname="service-pages.spec.js" time="1.617">
<failure message="service-pages.spec.js:32:7 should have proper navigation" type="FAILURE">
<![CDATA[  [chromium] › service-pages.spec.js:32:7 › Service Pages Tests › Welding & Fabrication Page › should have proper navigation 

    Error: expect.toContainText: Error: strict mode violation: locator('nav a[href="index.html#contact"]') resolved to 2 elements:
        1) <a href="index.html#contact">Contact</a> aka locator('#nav').getByRole('link', { name: 'Contact' })
        2) <a class="cta-button" href="index.html#contact">Get Quote</a> aka locator('#nav').getByRole('link', { name: 'Get Quote' })

    Call log:
      - Expect "toContainText" with timeout 5000ms
      - waiting for locator('nav a[href="index.html#contact"]')


      39 |         await expect(page.locator('nav a[href="index.html#services"]')).toContainText('Services');
      40 |         await expect(page.locator('nav a[href="index.html#about"]')).toContainText('About');
    > 41 |         await expect(page.locator('nav a[href="index.html#contact"]')).toContainText('Contact');
         |                                                                        ^
      42 |         
      43 |         // Check CTA button
      44 |         await expect(page.locator('.cta-button')).toContainText('Get Quote');
        at /home/hlesesne/git/personal/graham-roten-enterprises/tests/service-pages.spec.js:41:72

    attachment #1: screenshot (image/png) ──────────────────────────────────────────────────────────
    ../test-results/service-pages-Service-Page-b7c07-ould-have-proper-navigation-chromium/test-failed-1.png
    ────────────────────────────────────────────────────────────────────────────────────────────────

    attachment #2: video (video/webm) ──────────────────────────────────────────────────────────────
    ../test-results/service-pages-Service-Page-b7c07-ould-have-proper-navigation-chromium/video.webm
    ────────────────────────────────────────────────────────────────────────────────────────────────

    Error Context: ../test-results/service-pages-Service-Page-b7c07-ould-have-proper-navigation-chromium/error-context.md
]]>
</failure>
<system-out>
<![CDATA[
[[ATTACHMENT|service-pages-Service-Page-b7c07-ould-have-proper-navigation-chromium/test-failed-1.png]]

[[ATTACHMENT|service-pages-Service-Page-b7c07-ould-have-proper-navigation-chromium/video.webm]]

[[ATTACHMENT|service-pages-Service-Page-b7c07-ould-have-proper-navigation-chromium/error-context.md]]
]]>
</system-out>
</testcase>
<testcase name="Service Pages Tests › Welding &amp; Fabrication Page › should display hero section correctly" classname="service-pages.spec.js" time="1.608">
</testcase>
<testcase name="Service Pages Tests › Welding &amp; Fabrication Page › should display service details section" classname="service-pages.spec.js" time="1.571">
<failure message="service-pages.spec.js:58:7 should display service details section" type="FAILURE">
<![CDATA[  [chromium] › service-pages.spec.js:58:7 › Service Pages Tests › Welding & Fabrication Page › should display service details section 

    Error: expect.toContainText: Error: strict mode violation: locator('.service-main h3') resolved to 3 elements:
        1) <h3>What We Provide</h3> aka getByRole('heading', { name: 'What We Provide' })
        2) <h3>Service Areas</h3> aka getByRole('heading', { name: 'Service Areas' })
        3) <h3>Certified Professionals</h3> aka getByRole('heading', { name: 'Certified Professionals' })

    Call log:
      - Expect "toContainText" with timeout 5000ms
      - waiting for locator('.service-main h3')


      71 |         
      72 |         // Check service areas section
    > 73 |         await expect(page.locator('.service-main h3')).toContainText('Service Areas');
         |                                                        ^
      74 |       });
      75 |
      76 |       test('should display sidebar with testimonial', async ({ page }) => {
        at /home/hlesesne/git/personal/graham-roten-enterprises/tests/service-pages.spec.js:73:56

    attachment #1: screenshot (image/png) ──────────────────────────────────────────────────────────
    ../test-results/service-pages-Service-Page-ff210-lay-service-details-section-chromium/test-failed-1.png
    ────────────────────────────────────────────────────────────────────────────────────────────────

    attachment #2: video (video/webm) ──────────────────────────────────────────────────────────────
    ../test-results/service-pages-Service-Page-ff210-lay-service-details-section-chromium/video.webm
    ────────────────────────────────────────────────────────────────────────────────────────────────

    Error Context: ../test-results/service-pages-Service-Page-ff210-lay-service-details-section-chromium/error-context.md
]]>
</failure>
<system-out>
<![CDATA[
[[ATTACHMENT|service-pages-Service-Page-ff210-lay-service-details-section-chromium/test-failed-1.png]]

[[ATTACHMENT|service-pages-Service-Page-ff210-lay-service-details-section-chromium/video.webm]]

[[ATTACHMENT|service-pages-Service-Page-ff210-lay-service-details-section-chromium/error-context.md]]
]]>
</system-out>
</testcase>
<testcase name="Service Pages Tests › Welding &amp; Fabrication Page › should display sidebar with testimonial" classname="service-pages.spec.js" time="1.55">
</testcase>
<testcase name="Service Pages Tests › Welding &amp; Fabrication Page › should display service gallery" classname="service-pages.spec.js" time="1.597">
</testcase>
<testcase name="Service Pages Tests › Welding &amp; Fabrication Page › should display footer" classname="service-pages.spec.js" time="1.375">
</testcase>
<testcase name="Service Pages Tests › Welding &amp; Fabrication Page › should be responsive on mobile" classname="service-pages.spec.js" time="1.329">
</testcase>
<testcase name="Service Pages Tests › Equipment Services Page › should load page successfully" classname="service-pages.spec.js" time="1.276">
</testcase>
<testcase name="Service Pages Tests › Equipment Services Page › should have proper navigation" classname="service-pages.spec.js" time="1.443">
<failure message="service-pages.spec.js:32:7 should have proper navigation" type="FAILURE">
<![CDATA[  [chromium] › service-pages.spec.js:32:7 › Service Pages Tests › Equipment Services Page › should have proper navigation 

    Error: expect.toContainText: Error: strict mode violation: locator('nav a[href="index.html#contact"]') resolved to 2 elements:
        1) <a href="index.html#contact">Contact</a> aka locator('#nav').getByRole('link', { name: 'Contact' })
        2) <a class="cta-button" href="index.html#contact">Get Quote</a> aka locator('#nav').getByRole('link', { name: 'Get Quote' })

    Call log:
      - Expect "toContainText" with timeout 5000ms
      - waiting for locator('nav a[href="index.html#contact"]')


      39 |         await expect(page.locator('nav a[href="index.html#services"]')).toContainText('Services');
      40 |         await expect(page.locator('nav a[href="index.html#about"]')).toContainText('About');
    > 41 |         await expect(page.locator('nav a[href="index.html#contact"]')).toContainText('Contact');
         |                                                                        ^
      42 |         
      43 |         // Check CTA button
      44 |         await expect(page.locator('.cta-button')).toContainText('Get Quote');
        at /home/hlesesne/git/personal/graham-roten-enterprises/tests/service-pages.spec.js:41:72

    attachment #1: screenshot (image/png) ──────────────────────────────────────────────────────────
    ../test-results/service-pages-Service-Page-f9162-ould-have-proper-navigation-chromium/test-failed-1.png
    ────────────────────────────────────────────────────────────────────────────────────────────────

    attachment #2: video (video/webm) ──────────────────────────────────────────────────────────────
    ../test-results/service-pages-Service-Page-f9162-ould-have-proper-navigation-chromium/video.webm
    ────────────────────────────────────────────────────────────────────────────────────────────────

    Error Context: ../test-results/service-pages-Service-Page-f9162-ould-have-proper-navigation-chromium/error-context.md
]]>
</failure>
<system-out>
<![CDATA[
[[ATTACHMENT|service-pages-Service-Page-f9162-ould-have-proper-navigation-chromium/test-failed-1.png]]

[[ATTACHMENT|service-pages-Service-Page-f9162-ould-have-proper-navigation-chromium/video.webm]]

[[ATTACHMENT|service-pages-Service-Page-f9162-ould-have-proper-navigation-chromium/error-context.md]]
]]>
</system-out>
</testcase>
<testcase name="Service Pages Tests › Equipment Services Page › should display hero section correctly" classname="service-pages.spec.js" time="1.437">
</testcase>
<testcase name="Service Pages Tests › Equipment Services Page › should display service details section" classname="service-pages.spec.js" time="1.424">
<failure message="service-pages.spec.js:58:7 should display service details section" type="FAILURE">
<![CDATA[  [chromium] › service-pages.spec.js:58:7 › Service Pages Tests › Equipment Services Page › should display service details section 

    Error: expect.toContainText: Error: strict mode violation: locator('.service-main h3') resolved to 3 elements:
        1) <h3>What We Provide</h3> aka getByRole('heading', { name: 'What We Provide' })
        2) <h3>Service Areas</h3> aka getByRole('heading', { name: 'Service Areas' })
        3) <h3>Minimize Downtime</h3> aka getByRole('heading', { name: 'Minimize Downtime' })

    Call log:
      - Expect "toContainText" with timeout 5000ms
      - waiting for locator('.service-main h3')


      71 |         
      72 |         // Check service areas section
    > 73 |         await expect(page.locator('.service-main h3')).toContainText('Service Areas');
         |                                                        ^
      74 |       });
      75 |
      76 |       test('should display sidebar with testimonial', async ({ page }) => {
        at /home/hlesesne/git/personal/graham-roten-enterprises/tests/service-pages.spec.js:73:56

    attachment #1: screenshot (image/png) ──────────────────────────────────────────────────────────
    ../test-results/service-pages-Service-Page-3c9fc-lay-service-details-section-chromium/test-failed-1.png
    ────────────────────────────────────────────────────────────────────────────────────────────────

    attachment #2: video (video/webm) ──────────────────────────────────────────────────────────────
    ../test-results/service-pages-Service-Page-3c9fc-lay-service-details-section-chromium/video.webm
    ────────────────────────────────────────────────────────────────────────────────────────────────

    Error Context: ../test-results/service-pages-Service-Page-3c9fc-lay-service-details-section-chromium/error-context.md
]]>
</failure>
<system-out>
<![CDATA[
[[ATTACHMENT|service-pages-Service-Page-3c9fc-lay-service-details-section-chromium/test-failed-1.png]]

[[ATTACHMENT|service-pages-Service-Page-3c9fc-lay-service-details-section-chromium/video.webm]]

[[ATTACHMENT|service-pages-Service-Page-3c9fc-lay-service-details-section-chromium/error-context.md]]
]]>
</system-out>
</testcase>
<testcase name="Service Pages Tests › Equipment Services Page › should display sidebar with testimonial" classname="service-pages.spec.js" time="1.824">
</testcase>
<testcase name="Service Pages Tests › Equipment Services Page › should display service gallery" classname="service-pages.spec.js" time="1.368">
</testcase>
<testcase name="Service Pages Tests › Equipment Services Page › should display footer" classname="service-pages.spec.js" time="1.333">
</testcase>
<testcase name="Service Pages Tests › Equipment Services Page › should be responsive on mobile" classname="service-pages.spec.js" time="1.535">
</testcase>
<testcase name="Service Pages Tests › should navigate between service pages" classname="service-pages.spec.js" time="3.202">
</testcase>
</testsuite>
<testsuite name="forms.spec.js" timestamp="2025-07-17T02:05:28.079Z" hostname="firefox" tests="11" failures="0" skipped="0" time="58.094" errors="0">
<testcase name="Forms Tests › Contact Form › should display contact form correctly" classname="forms.spec.js" time="4.632">
</testcase>
<testcase name="Forms Tests › Contact Form › should validate required fields" classname="forms.spec.js" time="5.888">
</testcase>
<testcase name="Forms Tests › Contact Form › should fill out contact form successfully" classname="forms.spec.js" time="6.861">
</testcase>
<testcase name="Forms Tests › Contact Form › should validate email format" classname="forms.spec.js" time="6.705">
</testcase>
<testcase name="Forms Tests › Payment Form › should display payment form correctly" classname="forms.spec.js" time="4.283">
</testcase>
<testcase name="Forms Tests › Payment Form › should validate payment form fields" classname="forms.spec.js" time="4.207">
</testcase>
<testcase name="Forms Tests › Payment Form › should fill out payment form successfully" classname="forms.spec.js" time="4.312">
</testcase>
<testcase name="Forms Tests › Payment Form › should show payment features" classname="forms.spec.js" time="4.193">
</testcase>
<testcase name="Forms Tests › Payment Form › should handle payment form submission" classname="forms.spec.js" time="7.664">
</testcase>
<testcase name="Forms Tests › Form Accessibility › should have proper form labels and accessibility" classname="forms.spec.js" time="4.587">
</testcase>
<testcase name="Forms Tests › Form Accessibility › should support keyboard navigation" classname="forms.spec.js" time="4.762">
</testcase>
</testsuite>
<testsuite name="homepage.spec.js" timestamp="2025-07-17T02:05:28.079Z" hostname="firefox" tests="12" failures="0" skipped="0" time="49.747" errors="0">
<testcase name="Homepage Tests › should load homepage successfully" classname="homepage.spec.js" time="4.28">
</testcase>
<testcase name="Homepage Tests › should have working navigation menu" classname="homepage.spec.js" time="3.682">
</testcase>
<testcase name="Homepage Tests › should display hero section correctly" classname="homepage.spec.js" time="3.76">
</testcase>
<testcase name="Homepage Tests › should display statistics section" classname="homepage.spec.js" time="3.483">
</testcase>
<testcase name="Homepage Tests › should display all service cards" classname="homepage.spec.js" time="3.516">
</testcase>
<testcase name="Homepage Tests › should have working service card links" classname="homepage.spec.js" time="3.883">
</testcase>
<testcase name="Homepage Tests › should display equipment showcase" classname="homepage.spec.js" time="4.755">
</testcase>
<testcase name="Homepage Tests › should display projects section" classname="homepage.spec.js" time="4.813">
</testcase>
<testcase name="Homepage Tests › should display about section" classname="homepage.spec.js" time="4.734">
</testcase>
<testcase name="Homepage Tests › should display contact section" classname="homepage.spec.js" time="4.664">
</testcase>
<testcase name="Homepage Tests › should display payment section" classname="homepage.spec.js" time="4.087">
</testcase>
<testcase name="Homepage Tests › should display footer" classname="homepage.spec.js" time="4.09">
</testcase>
</testsuite>
<testsuite name="service-pages.spec.js" timestamp="2025-07-17T02:05:28.079Z" hostname="firefox" tests="65" failures="16" skipped="0" time="177.855" errors="0">
<testcase name="Service Pages Tests › Heavy Hauling Services Page › should load page successfully" classname="service-pages.spec.js" time="2.733">
</testcase>
<testcase name="Service Pages Tests › Heavy Hauling Services Page › should have proper navigation" classname="service-pages.spec.js" time="2.493">
<failure message="service-pages.spec.js:32:7 should have proper navigation" type="FAILURE">
<![CDATA[  [firefox] › service-pages.spec.js:32:7 › Service Pages Tests › Heavy Hauling Services Page › should have proper navigation 

    Error: expect.toContainText: Error: strict mode violation: locator('nav a[href="index.html#contact"]') resolved to 2 elements:
        1) <a href="index.html#contact">Contact</a> aka locator('#nav').getByRole('link', { name: 'Contact' })
        2) <a class="cta-button" href="index.html#contact">Get Quote</a> aka locator('#nav').getByRole('link', { name: 'Get Quote' })

    Call log:
      - Expect "toContainText" with timeout 5000ms
      - waiting for locator('nav a[href="index.html#contact"]')


      39 |         await expect(page.locator('nav a[href="index.html#services"]')).toContainText('Services');
      40 |         await expect(page.locator('nav a[href="index.html#about"]')).toContainText('About');
    > 41 |         await expect(page.locator('nav a[href="index.html#contact"]')).toContainText('Contact');
         |                                                                        ^
      42 |         
      43 |         // Check CTA button
      44 |         await expect(page.locator('.cta-button')).toContainText('Get Quote');
        at /home/hlesesne/git/personal/graham-roten-enterprises/tests/service-pages.spec.js:41:72

    attachment #1: screenshot (image/png) ──────────────────────────────────────────────────────────
    ../test-results/service-pages-Service-Page-0ee30-ould-have-proper-navigation-firefox/test-failed-1.png
    ────────────────────────────────────────────────────────────────────────────────────────────────

    attachment #2: video (video/webm) ──────────────────────────────────────────────────────────────
    ../test-results/service-pages-Service-Page-0ee30-ould-have-proper-navigation-firefox/video.webm
    ────────────────────────────────────────────────────────────────────────────────────────────────

    Error Context: ../test-results/service-pages-Service-Page-0ee30-ould-have-proper-navigation-firefox/error-context.md
]]>
</failure>
<system-out>
<![CDATA[
[[ATTACHMENT|service-pages-Service-Page-0ee30-ould-have-proper-navigation-firefox/test-failed-1.png]]

[[ATTACHMENT|service-pages-Service-Page-0ee30-ould-have-proper-navigation-firefox/video.webm]]

[[ATTACHMENT|service-pages-Service-Page-0ee30-ould-have-proper-navigation-firefox/error-context.md]]
]]>
</system-out>
</testcase>
<testcase name="Service Pages Tests › Heavy Hauling Services Page › should display hero section correctly" classname="service-pages.spec.js" time="1.96">
</testcase>
<testcase name="Service Pages Tests › Heavy Hauling Services Page › should display service details section" classname="service-pages.spec.js" time="2.574">
<failure message="service-pages.spec.js:58:7 should display service details section" type="FAILURE">
<![CDATA[  [firefox] › service-pages.spec.js:58:7 › Service Pages Tests › Heavy Hauling Services Page › should display service details section 

    Error: expect.toContainText: Error: strict mode violation: locator('.service-main h3') resolved to 3 elements:
        1) <h3>What We Provide</h3> aka getByRole('heading', { name: 'What We Provide' })
        2) <h3>Service Areas</h3> aka getByRole('heading', { name: 'Service Areas' })
        3) <h3>Equipment & Capabilities</h3> aka getByRole('heading', { name: 'Equipment & Capabilities' })

    Call log:
      - Expect "toContainText" with timeout 5000ms
      - waiting for locator('.service-main h3')


      71 |         
      72 |         // Check service areas section
    > 73 |         await expect(page.locator('.service-main h3')).toContainText('Service Areas');
         |                                                        ^
      74 |       });
      75 |
      76 |       test('should display sidebar with testimonial', async ({ page }) => {
        at /home/hlesesne/git/personal/graham-roten-enterprises/tests/service-pages.spec.js:73:56

    attachment #1: screenshot (image/png) ──────────────────────────────────────────────────────────
    ../test-results/service-pages-Service-Page-02f69-lay-service-details-section-firefox/test-failed-1.png
    ────────────────────────────────────────────────────────────────────────────────────────────────

    attachment #2: video (video/webm) ──────────────────────────────────────────────────────────────
    ../test-results/service-pages-Service-Page-02f69-lay-service-details-section-firefox/video.webm
    ────────────────────────────────────────────────────────────────────────────────────────────────

    Error Context: ../test-results/service-pages-Service-Page-02f69-lay-service-details-section-firefox/error-context.md
]]>
</failure>
<system-out>
<![CDATA[
[[ATTACHMENT|service-pages-Service-Page-02f69-lay-service-details-section-firefox/test-failed-1.png]]

[[ATTACHMENT|service-pages-Service-Page-02f69-lay-service-details-section-firefox/video.webm]]

[[ATTACHMENT|service-pages-Service-Page-02f69-lay-service-details-section-firefox/error-context.md]]
]]>
</system-out>
</testcase>
<testcase name="Service Pages Tests › Heavy Hauling Services Page › should display sidebar with testimonial" classname="service-pages.spec.js" time="2.195">
</testcase>
<testcase name="Service Pages Tests › Heavy Hauling Services Page › should display service gallery" classname="service-pages.spec.js" time="1.991">
</testcase>
<testcase name="Service Pages Tests › Heavy Hauling Services Page › should display footer" classname="service-pages.spec.js" time="1.559">
</testcase>
<testcase name="Service Pages Tests › Heavy Hauling Services Page › should be responsive on mobile" classname="service-pages.spec.js" time="4.064">
</testcase>
<testcase name="Service Pages Tests › Gravel &amp; Stone Delivery Page › should load page successfully" classname="service-pages.spec.js" time="1.653">
</testcase>
<testcase name="Service Pages Tests › Gravel &amp; Stone Delivery Page › should have proper navigation" classname="service-pages.spec.js" time="2.069">
<failure message="service-pages.spec.js:32:7 should have proper navigation" type="FAILURE">
<![CDATA[  [firefox] › service-pages.spec.js:32:7 › Service Pages Tests › Gravel & Stone Delivery Page › should have proper navigation 

    Error: expect.toContainText: Error: strict mode violation: locator('nav a[href="index.html#contact"]') resolved to 2 elements:
        1) <a href="index.html#contact">Contact</a> aka locator('#nav').getByRole('link', { name: 'Contact' })
        2) <a class="cta-button" href="index.html#contact">Get Quote</a> aka locator('#nav').getByRole('link', { name: 'Get Quote' })

    Call log:
      - Expect "toContainText" with timeout 5000ms
      - waiting for locator('nav a[href="index.html#contact"]')


      39 |         await expect(page.locator('nav a[href="index.html#services"]')).toContainText('Services');
      40 |         await expect(page.locator('nav a[href="index.html#about"]')).toContainText('About');
    > 41 |         await expect(page.locator('nav a[href="index.html#contact"]')).toContainText('Contact');
         |                                                                        ^
      42 |         
      43 |         // Check CTA button
      44 |         await expect(page.locator('.cta-button')).toContainText('Get Quote');
        at /home/hlesesne/git/personal/graham-roten-enterprises/tests/service-pages.spec.js:41:72

    attachment #1: screenshot (image/png) ──────────────────────────────────────────────────────────
    ../test-results/service-pages-Service-Page-dcbc8-ould-have-proper-navigation-firefox/test-failed-1.png
    ────────────────────────────────────────────────────────────────────────────────────────────────

    attachment #2: video (video/webm) ──────────────────────────────────────────────────────────────
    ../test-results/service-pages-Service-Page-dcbc8-ould-have-proper-navigation-firefox/video.webm
    ────────────────────────────────────────────────────────────────────────────────────────────────

    Error Context: ../test-results/service-pages-Service-Page-dcbc8-ould-have-proper-navigation-firefox/error-context.md
]]>
</failure>
<system-out>
<![CDATA[
[[ATTACHMENT|service-pages-Service-Page-dcbc8-ould-have-proper-navigation-firefox/test-failed-1.png]]

[[ATTACHMENT|service-pages-Service-Page-dcbc8-ould-have-proper-navigation-firefox/video.webm]]

[[ATTACHMENT|service-pages-Service-Page-dcbc8-ould-have-proper-navigation-firefox/error-context.md]]
]]>
</system-out>
</testcase>
<testcase name="Service Pages Tests › Gravel &amp; Stone Delivery Page › should display hero section correctly" classname="service-pages.spec.js" time="4.703">
</testcase>
<testcase name="Service Pages Tests › Gravel &amp; Stone Delivery Page › should display service details section" classname="service-pages.spec.js" time="1.795">
<failure message="service-pages.spec.js:58:7 should display service details section" type="FAILURE">
<![CDATA[  [firefox] › service-pages.spec.js:58:7 › Service Pages Tests › Gravel & Stone Delivery Page › should display service details section 

    Error: expect.toContainText: Error: strict mode violation: locator('.service-main h3') resolved to 3 elements:
        1) <h3>What We Provide</h3> aka getByRole('heading', { name: 'What We Provide' })
        2) <h3>Service Areas</h3> aka getByRole('heading', { name: 'Service Areas' })
        3) <h3>Material Types & Applications</h3> aka getByRole('heading', { name: 'Material Types & Applications' })

    Call log:
      - Expect "toContainText" with timeout 5000ms
      - waiting for locator('.service-main h3')


      71 |         
      72 |         // Check service areas section
    > 73 |         await expect(page.locator('.service-main h3')).toContainText('Service Areas');
         |                                                        ^
      74 |       });
      75 |
      76 |       test('should display sidebar with testimonial', async ({ page }) => {
        at /home/hlesesne/git/personal/graham-roten-enterprises/tests/service-pages.spec.js:73:56

    attachment #1: screenshot (image/png) ──────────────────────────────────────────────────────────
    ../test-results/service-pages-Service-Page-422e7-lay-service-details-section-firefox/test-failed-1.png
    ────────────────────────────────────────────────────────────────────────────────────────────────

    attachment #2: video (video/webm) ──────────────────────────────────────────────────────────────
    ../test-results/service-pages-Service-Page-422e7-lay-service-details-section-firefox/video.webm
    ────────────────────────────────────────────────────────────────────────────────────────────────

    Error Context: ../test-results/service-pages-Service-Page-422e7-lay-service-details-section-firefox/error-context.md
]]>
</failure>
<system-out>
<![CDATA[
[[ATTACHMENT|service-pages-Service-Page-422e7-lay-service-details-section-firefox/test-failed-1.png]]

[[ATTACHMENT|service-pages-Service-Page-422e7-lay-service-details-section-firefox/video.webm]]

[[ATTACHMENT|service-pages-Service-Page-422e7-lay-service-details-section-firefox/error-context.md]]
]]>
</system-out>
</testcase>
<testcase name="Service Pages Tests › Gravel &amp; Stone Delivery Page › should display sidebar with testimonial" classname="service-pages.spec.js" time="6.004">
</testcase>
<testcase name="Service Pages Tests › Gravel &amp; Stone Delivery Page › should display service gallery" classname="service-pages.spec.js" time="5.462">
</testcase>
<testcase name="Service Pages Tests › Gravel &amp; Stone Delivery Page › should display footer" classname="service-pages.spec.js" time="1.987">
</testcase>
<testcase name="Service Pages Tests › Gravel &amp; Stone Delivery Page › should be responsive on mobile" classname="service-pages.spec.js" time="2.2">
</testcase>
<testcase name="Service Pages Tests › Site Preparation Services Page › should load page successfully" classname="service-pages.spec.js" time="2.189">
</testcase>
<testcase name="Service Pages Tests › Site Preparation Services Page › should have proper navigation" classname="service-pages.spec.js" time="3.322">
<failure message="service-pages.spec.js:32:7 should have proper navigation" type="FAILURE">
<![CDATA[  [firefox] › service-pages.spec.js:32:7 › Service Pages Tests › Site Preparation Services Page › should have proper navigation 

    Error: expect.toContainText: Error: strict mode violation: locator('nav a[href="index.html#contact"]') resolved to 2 elements:
        1) <a href="index.html#contact">Contact</a> aka locator('#nav').getByRole('link', { name: 'Contact' })
        2) <a class="cta-button" href="index.html#contact">Get Quote</a> aka locator('#nav').getByRole('link', { name: 'Get Quote' })

    Call log:
      - Expect "toContainText" with timeout 5000ms
      - waiting for locator('nav a[href="index.html#contact"]')


      39 |         await expect(page.locator('nav a[href="index.html#services"]')).toContainText('Services');
      40 |         await expect(page.locator('nav a[href="index.html#about"]')).toContainText('About');
    > 41 |         await expect(page.locator('nav a[href="index.html#contact"]')).toContainText('Contact');
         |                                                                        ^
      42 |         
      43 |         // Check CTA button
      44 |         await expect(page.locator('.cta-button')).toContainText('Get Quote');
        at /home/hlesesne/git/personal/graham-roten-enterprises/tests/service-pages.spec.js:41:72

    attachment #1: screenshot (image/png) ──────────────────────────────────────────────────────────
    ../test-results/service-pages-Service-Page-e15a7-ould-have-proper-navigation-firefox/test-failed-1.png
    ────────────────────────────────────────────────────────────────────────────────────────────────

    attachment #2: video (video/webm) ──────────────────────────────────────────────────────────────
    ../test-results/service-pages-Service-Page-e15a7-ould-have-proper-navigation-firefox/video.webm
    ────────────────────────────────────────────────────────────────────────────────────────────────

    Error Context: ../test-results/service-pages-Service-Page-e15a7-ould-have-proper-navigation-firefox/error-context.md
]]>
</failure>
<system-out>
<![CDATA[
[[ATTACHMENT|service-pages-Service-Page-e15a7-ould-have-proper-navigation-firefox/test-failed-1.png]]

[[ATTACHMENT|service-pages-Service-Page-e15a7-ould-have-proper-navigation-firefox/video.webm]]

[[ATTACHMENT|service-pages-Service-Page-e15a7-ould-have-proper-navigation-firefox/error-context.md]]
]]>
</system-out>
</testcase>
<testcase name="Service Pages Tests › Site Preparation Services Page › should display hero section correctly" classname="service-pages.spec.js" time="3.015">
</testcase>
<testcase name="Service Pages Tests › Site Preparation Services Page › should display service details section" classname="service-pages.spec.js" time="2.31">
<failure message="service-pages.spec.js:58:7 should display service details section" type="FAILURE">
<![CDATA[  [firefox] › service-pages.spec.js:58:7 › Service Pages Tests › Site Preparation Services Page › should display service details section 

    Error: expect.toContainText: Error: strict mode violation: locator('.service-main h3') resolved to 3 elements:
        1) <h3>What We Provide</h3> aka getByRole('heading', { name: 'What We Provide' })
        2) <h3>Service Areas</h3> aka getByRole('heading', { name: 'Service Areas' })
        3) <h3>Project Types & Expertise</h3> aka getByRole('heading', { name: 'Project Types & Expertise' })

    Call log:
      - Expect "toContainText" with timeout 5000ms
      - waiting for locator('.service-main h3')


      71 |         
      72 |         // Check service areas section
    > 73 |         await expect(page.locator('.service-main h3')).toContainText('Service Areas');
         |                                                        ^
      74 |       });
      75 |
      76 |       test('should display sidebar with testimonial', async ({ page }) => {
        at /home/hlesesne/git/personal/graham-roten-enterprises/tests/service-pages.spec.js:73:56

    attachment #1: screenshot (image/png) ──────────────────────────────────────────────────────────
    ../test-results/service-pages-Service-Page-94e91-lay-service-details-section-firefox/test-failed-1.png
    ────────────────────────────────────────────────────────────────────────────────────────────────

    attachment #2: video (video/webm) ──────────────────────────────────────────────────────────────
    ../test-results/service-pages-Service-Page-94e91-lay-service-details-section-firefox/video.webm
    ────────────────────────────────────────────────────────────────────────────────────────────────

    Error Context: ../test-results/service-pages-Service-Page-94e91-lay-service-details-section-firefox/error-context.md
]]>
</failure>
<system-out>
<![CDATA[
[[ATTACHMENT|service-pages-Service-Page-94e91-lay-service-details-section-firefox/test-failed-1.png]]

[[ATTACHMENT|service-pages-Service-Page-94e91-lay-service-details-section-firefox/video.webm]]

[[ATTACHMENT|service-pages-Service-Page-94e91-lay-service-details-section-firefox/error-context.md]]
]]>
</system-out>
</testcase>
<testcase name="Service Pages Tests › Site Preparation Services Page › should display sidebar with testimonial" classname="service-pages.spec.js" time="2.346">
</testcase>
<testcase name="Service Pages Tests › Site Preparation Services Page › should display service gallery" classname="service-pages.spec.js" time="1.855">
</testcase>
<testcase name="Service Pages Tests › Site Preparation Services Page › should display footer" classname="service-pages.spec.js" time="4.195">
</testcase>
<testcase name="Service Pages Tests › Site Preparation Services Page › should be responsive on mobile" classname="service-pages.spec.js" time="1.524">
</testcase>
<testcase name="Service Pages Tests › Residential Services Page › should load page successfully" classname="service-pages.spec.js" time="1.435">
</testcase>
<testcase name="Service Pages Tests › Residential Services Page › should have proper navigation" classname="service-pages.spec.js" time="5.121">
<failure message="service-pages.spec.js:32:7 should have proper navigation" type="FAILURE">
<![CDATA[  [firefox] › service-pages.spec.js:32:7 › Service Pages Tests › Residential Services Page › should have proper navigation 

    Error: expect.toContainText: Error: strict mode violation: locator('nav a[href="index.html#contact"]') resolved to 2 elements:
        1) <a href="index.html#contact">Contact</a> aka locator('#nav').getByRole('link', { name: 'Contact' })
        2) <a class="cta-button" href="index.html#contact">Get Quote</a> aka locator('#nav').getByRole('link', { name: 'Get Quote' })

    Call log:
      - Expect "toContainText" with timeout 5000ms
      - waiting for locator('nav a[href="index.html#contact"]')


      39 |         await expect(page.locator('nav a[href="index.html#services"]')).toContainText('Services');
      40 |         await expect(page.locator('nav a[href="index.html#about"]')).toContainText('About');
    > 41 |         await expect(page.locator('nav a[href="index.html#contact"]')).toContainText('Contact');
         |                                                                        ^
      42 |         
      43 |         // Check CTA button
      44 |         await expect(page.locator('.cta-button')).toContainText('Get Quote');
        at /home/hlesesne/git/personal/graham-roten-enterprises/tests/service-pages.spec.js:41:72

    attachment #1: screenshot (image/png) ──────────────────────────────────────────────────────────
    ../test-results/service-pages-Service-Page-b9fbd-ould-have-proper-navigation-firefox/test-failed-1.png
    ────────────────────────────────────────────────────────────────────────────────────────────────

    attachment #2: video (video/webm) ──────────────────────────────────────────────────────────────
    ../test-results/service-pages-Service-Page-b9fbd-ould-have-proper-navigation-firefox/video.webm
    ────────────────────────────────────────────────────────────────────────────────────────────────

    Error Context: ../test-results/service-pages-Service-Page-b9fbd-ould-have-proper-navigation-firefox/error-context.md
]]>
</failure>
<system-out>
<![CDATA[
[[ATTACHMENT|service-pages-Service-Page-b9fbd-ould-have-proper-navigation-firefox/test-failed-1.png]]

[[ATTACHMENT|service-pages-Service-Page-b9fbd-ould-have-proper-navigation-firefox/video.webm]]

[[ATTACHMENT|service-pages-Service-Page-b9fbd-ould-have-proper-navigation-firefox/error-context.md]]
]]>
</system-out>
</testcase>
<testcase name="Service Pages Tests › Residential Services Page › should display hero section correctly" classname="service-pages.spec.js" time="1.864">
</testcase>
<testcase name="Service Pages Tests › Residential Services Page › should display service details section" classname="service-pages.spec.js" time="2.36">
<failure message="service-pages.spec.js:58:7 should display service details section" type="FAILURE">
<![CDATA[  [firefox] › service-pages.spec.js:58:7 › Service Pages Tests › Residential Services Page › should display service details section 

    Error: expect.toContainText: Error: strict mode violation: locator('.service-main h3') resolved to 3 elements:
        1) <h3>What We Provide</h3> aka getByRole('heading', { name: 'What We Provide' })
        2) <h3>Service Areas</h3> aka getByRole('heading', { name: 'Service Areas' })
        3) <h3>Homeowner-Focused Approach</h3> aka getByRole('heading', { name: 'Homeowner-Focused Approach' })

    Call log:
      - Expect "toContainText" with timeout 5000ms
      - waiting for locator('.service-main h3')


      71 |         
      72 |         // Check service areas section
    > 73 |         await expect(page.locator('.service-main h3')).toContainText('Service Areas');
         |                                                        ^
      74 |       });
      75 |
      76 |       test('should display sidebar with testimonial', async ({ page }) => {
        at /home/hlesesne/git/personal/graham-roten-enterprises/tests/service-pages.spec.js:73:56

    attachment #1: screenshot (image/png) ──────────────────────────────────────────────────────────
    ../test-results/service-pages-Service-Page-06ee3-lay-service-details-section-firefox/test-failed-1.png
    ────────────────────────────────────────────────────────────────────────────────────────────────

    attachment #2: video (video/webm) ──────────────────────────────────────────────────────────────
    ../test-results/service-pages-Service-Page-06ee3-lay-service-details-section-firefox/video.webm
    ────────────────────────────────────────────────────────────────────────────────────────────────

    Error Context: ../test-results/service-pages-Service-Page-06ee3-lay-service-details-section-firefox/error-context.md
]]>
</failure>
<system-out>
<![CDATA[
[[ATTACHMENT|service-pages-Service-Page-06ee3-lay-service-details-section-firefox/test-failed-1.png]]

[[ATTACHMENT|service-pages-Service-Page-06ee3-lay-service-details-section-firefox/video.webm]]

[[ATTACHMENT|service-pages-Service-Page-06ee3-lay-service-details-section-firefox/error-context.md]]
]]>
</system-out>
</testcase>
<testcase name="Service Pages Tests › Residential Services Page › should display sidebar with testimonial" classname="service-pages.spec.js" time="2.186">
</testcase>
<testcase name="Service Pages Tests › Residential Services Page › should display service gallery" classname="service-pages.spec.js" time="1.81">
</testcase>
<testcase name="Service Pages Tests › Residential Services Page › should display footer" classname="service-pages.spec.js" time="4.097">
</testcase>
<testcase name="Service Pages Tests › Residential Services Page › should be responsive on mobile" classname="service-pages.spec.js" time="2.589">
</testcase>
<testcase name="Service Pages Tests › Equipment Transport Page › should load page successfully" classname="service-pages.spec.js" time="2.249">
</testcase>
<testcase name="Service Pages Tests › Equipment Transport Page › should have proper navigation" classname="service-pages.spec.js" time="2.046">
<failure message="service-pages.spec.js:32:7 should have proper navigation" type="FAILURE">
<![CDATA[  [firefox] › service-pages.spec.js:32:7 › Service Pages Tests › Equipment Transport Page › should have proper navigation 

    Error: expect.toContainText: Error: strict mode violation: locator('nav a[href="index.html#contact"]') resolved to 2 elements:
        1) <a href="index.html#contact">Contact</a> aka locator('#nav').getByRole('link', { name: 'Contact' })
        2) <a class="cta-button" href="index.html#contact">Get Quote</a> aka locator('#nav').getByRole('link', { name: 'Get Quote' })

    Call log:
      - Expect "toContainText" with timeout 5000ms
      - waiting for locator('nav a[href="index.html#contact"]')


      39 |         await expect(page.locator('nav a[href="index.html#services"]')).toContainText('Services');
      40 |         await expect(page.locator('nav a[href="index.html#about"]')).toContainText('About');
    > 41 |         await expect(page.locator('nav a[href="index.html#contact"]')).toContainText('Contact');
         |                                                                        ^
      42 |         
      43 |         // Check CTA button
      44 |         await expect(page.locator('.cta-button')).toContainText('Get Quote');
        at /home/hlesesne/git/personal/graham-roten-enterprises/tests/service-pages.spec.js:41:72

    attachment #1: screenshot (image/png) ──────────────────────────────────────────────────────────
    ../test-results/service-pages-Service-Page-af43e-ould-have-proper-navigation-firefox/test-failed-1.png
    ────────────────────────────────────────────────────────────────────────────────────────────────

    attachment #2: video (video/webm) ──────────────────────────────────────────────────────────────
    ../test-results/service-pages-Service-Page-af43e-ould-have-proper-navigation-firefox/video.webm
    ────────────────────────────────────────────────────────────────────────────────────────────────

    Error Context: ../test-results/service-pages-Service-Page-af43e-ould-have-proper-navigation-firefox/error-context.md
]]>
</failure>
<system-out>
<![CDATA[
[[ATTACHMENT|service-pages-Service-Page-af43e-ould-have-proper-navigation-firefox/test-failed-1.png]]

[[ATTACHMENT|service-pages-Service-Page-af43e-ould-have-proper-navigation-firefox/video.webm]]

[[ATTACHMENT|service-pages-Service-Page-af43e-ould-have-proper-navigation-firefox/error-context.md]]
]]>
</system-out>
</testcase>
<testcase name="Service Pages Tests › Equipment Transport Page › should display hero section correctly" classname="service-pages.spec.js" time="1.484">
</testcase>
<testcase name="Service Pages Tests › Equipment Transport Page › should display service details section" classname="service-pages.spec.js" time="4.369">
<failure message="service-pages.spec.js:58:7 should display service details section" type="FAILURE">
<![CDATA[  [firefox] › service-pages.spec.js:58:7 › Service Pages Tests › Equipment Transport Page › should display service details section 

    Error: expect.toContainText: Error: strict mode violation: locator('.service-main h3') resolved to 3 elements:
        1) <h3>What We Provide</h3> aka getByRole('heading', { name: 'What We Provide' })
        2) <h3>Service Areas</h3> aka getByRole('heading', { name: 'Service Areas' })
        3) <h3>Equipment Specialization</h3> aka getByRole('heading', { name: 'Equipment Specialization' })

    Call log:
      - Expect "toContainText" with timeout 5000ms
      - waiting for locator('.service-main h3')


      71 |         
      72 |         // Check service areas section
    > 73 |         await expect(page.locator('.service-main h3')).toContainText('Service Areas');
         |                                                        ^
      74 |       });
      75 |
      76 |       test('should display sidebar with testimonial', async ({ page }) => {
        at /home/hlesesne/git/personal/graham-roten-enterprises/tests/service-pages.spec.js:73:56

    attachment #1: screenshot (image/png) ──────────────────────────────────────────────────────────
    ../test-results/service-pages-Service-Page-25fe8-lay-service-details-section-firefox/test-failed-1.png
    ────────────────────────────────────────────────────────────────────────────────────────────────

    attachment #2: video (video/webm) ──────────────────────────────────────────────────────────────
    ../test-results/service-pages-Service-Page-25fe8-lay-service-details-section-firefox/video.webm
    ────────────────────────────────────────────────────────────────────────────────────────────────

    Error Context: ../test-results/service-pages-Service-Page-25fe8-lay-service-details-section-firefox/error-context.md
]]>
</failure>
<system-out>
<![CDATA[
[[ATTACHMENT|service-pages-Service-Page-25fe8-lay-service-details-section-firefox/test-failed-1.png]]

[[ATTACHMENT|service-pages-Service-Page-25fe8-lay-service-details-section-firefox/video.webm]]

[[ATTACHMENT|service-pages-Service-Page-25fe8-lay-service-details-section-firefox/error-context.md]]
]]>
</system-out>
</testcase>
<testcase name="Service Pages Tests › Equipment Transport Page › should display sidebar with testimonial" classname="service-pages.spec.js" time="2.05">
</testcase>
<testcase name="Service Pages Tests › Equipment Transport Page › should display service gallery" classname="service-pages.spec.js" time="4.653">
</testcase>
<testcase name="Service Pages Tests › Equipment Transport Page › should display footer" classname="service-pages.spec.js" time="1.625">
</testcase>
<testcase name="Service Pages Tests › Equipment Transport Page › should be responsive on mobile" classname="service-pages.spec.js" time="1.474">
</testcase>
<testcase name="Service Pages Tests › Septic Services Page › should load page successfully" classname="service-pages.spec.js" time="2.078">
</testcase>
<testcase name="Service Pages Tests › Septic Services Page › should have proper navigation" classname="service-pages.spec.js" time="2.202">
<failure message="service-pages.spec.js:32:7 should have proper navigation" type="FAILURE">
<![CDATA[  [firefox] › service-pages.spec.js:32:7 › Service Pages Tests › Septic Services Page › should have proper navigation 

    Error: expect.toContainText: Error: strict mode violation: locator('nav a[href="index.html#contact"]') resolved to 2 elements:
        1) <a href="index.html#contact">Contact</a> aka locator('#nav').getByRole('link', { name: 'Contact' })
        2) <a class="cta-button" href="index.html#contact">Get Quote</a> aka locator('#nav').getByRole('link', { name: 'Get Quote' })

    Call log:
      - Expect "toContainText" with timeout 5000ms
      - waiting for locator('nav a[href="index.html#contact"]')


      39 |         await expect(page.locator('nav a[href="index.html#services"]')).toContainText('Services');
      40 |         await expect(page.locator('nav a[href="index.html#about"]')).toContainText('About');
    > 41 |         await expect(page.locator('nav a[href="index.html#contact"]')).toContainText('Contact');
         |                                                                        ^
      42 |         
      43 |         // Check CTA button
      44 |         await expect(page.locator('.cta-button')).toContainText('Get Quote');
        at /home/hlesesne/git/personal/graham-roten-enterprises/tests/service-pages.spec.js:41:72

    attachment #1: screenshot (image/png) ──────────────────────────────────────────────────────────
    ../test-results/service-pages-Service-Page-817a2-ould-have-proper-navigation-firefox/test-failed-1.png
    ────────────────────────────────────────────────────────────────────────────────────────────────

    attachment #2: video (video/webm) ──────────────────────────────────────────────────────────────
    ../test-results/service-pages-Service-Page-817a2-ould-have-proper-navigation-firefox/video.webm
    ────────────────────────────────────────────────────────────────────────────────────────────────

    Error Context: ../test-results/service-pages-Service-Page-817a2-ould-have-proper-navigation-firefox/error-context.md
]]>
</failure>
<system-out>
<![CDATA[
[[ATTACHMENT|service-pages-Service-Page-817a2-ould-have-proper-navigation-firefox/test-failed-1.png]]

[[ATTACHMENT|service-pages-Service-Page-817a2-ould-have-proper-navigation-firefox/video.webm]]

[[ATTACHMENT|service-pages-Service-Page-817a2-ould-have-proper-navigation-firefox/error-context.md]]
]]>
</system-out>
</testcase>
<testcase name="Service Pages Tests › Septic Services Page › should display hero section correctly" classname="service-pages.spec.js" time="2.144">
</testcase>
<testcase name="Service Pages Tests › Septic Services Page › should display service details section" classname="service-pages.spec.js" time="4.115">
<failure message="service-pages.spec.js:58:7 should display service details section" type="FAILURE">
<![CDATA[  [firefox] › service-pages.spec.js:58:7 › Service Pages Tests › Septic Services Page › should display service details section 

    Error: expect.toContainText: Error: strict mode violation: locator('.service-main h3') resolved to 3 elements:
        1) <h3>What We Provide</h3> aka getByRole('heading', { name: 'What We Provide' })
        2) <h3>Service Areas</h3> aka getByRole('heading', { name: 'Service Areas' })
        3) <h3>Mountain Septic Expertise</h3> aka getByRole('heading', { name: 'Mountain Septic Expertise' })

    Call log:
      - Expect "toContainText" with timeout 5000ms
      - waiting for locator('.service-main h3')


      71 |         
      72 |         // Check service areas section
    > 73 |         await expect(page.locator('.service-main h3')).toContainText('Service Areas');
         |                                                        ^
      74 |       });
      75 |
      76 |       test('should display sidebar with testimonial', async ({ page }) => {
        at /home/hlesesne/git/personal/graham-roten-enterprises/tests/service-pages.spec.js:73:56

    attachment #1: screenshot (image/png) ──────────────────────────────────────────────────────────
    ../test-results/service-pages-Service-Page-9e0d0-lay-service-details-section-firefox/test-failed-1.png
    ────────────────────────────────────────────────────────────────────────────────────────────────

    attachment #2: video (video/webm) ──────────────────────────────────────────────────────────────
    ../test-results/service-pages-Service-Page-9e0d0-lay-service-details-section-firefox/video.webm
    ────────────────────────────────────────────────────────────────────────────────────────────────

    Error Context: ../test-results/service-pages-Service-Page-9e0d0-lay-service-details-section-firefox/error-context.md
]]>
</failure>
<system-out>
<![CDATA[
[[ATTACHMENT|service-pages-Service-Page-9e0d0-lay-service-details-section-firefox/test-failed-1.png]]

[[ATTACHMENT|service-pages-Service-Page-9e0d0-lay-service-details-section-firefox/video.webm]]

[[ATTACHMENT|service-pages-Service-Page-9e0d0-lay-service-details-section-firefox/error-context.md]]
]]>
</system-out>
</testcase>
<testcase name="Service Pages Tests › Septic Services Page › should display sidebar with testimonial" classname="service-pages.spec.js" time="1.659">
</testcase>
<testcase name="Service Pages Tests › Septic Services Page › should display service gallery" classname="service-pages.spec.js" time="4.359">
</testcase>
<testcase name="Service Pages Tests › Septic Services Page › should display footer" classname="service-pages.spec.js" time="1.543">
</testcase>
<testcase name="Service Pages Tests › Septic Services Page › should be responsive on mobile" classname="service-pages.spec.js" time="1.403">
</testcase>
<testcase name="Service Pages Tests › Welding &amp; Fabrication Page › should load page successfully" classname="service-pages.spec.js" time="2.013">
</testcase>
<testcase name="Service Pages Tests › Welding &amp; Fabrication Page › should have proper navigation" classname="service-pages.spec.js" time="1.993">
<failure message="service-pages.spec.js:32:7 should have proper navigation" type="FAILURE">
<![CDATA[  [firefox] › service-pages.spec.js:32:7 › Service Pages Tests › Welding & Fabrication Page › should have proper navigation 

    Error: expect.toContainText: Error: strict mode violation: locator('nav a[href="index.html#contact"]') resolved to 2 elements:
        1) <a href="index.html#contact">Contact</a> aka locator('#nav').getByRole('link', { name: 'Contact' })
        2) <a class="cta-button" href="index.html#contact">Get Quote</a> aka locator('#nav').getByRole('link', { name: 'Get Quote' })

    Call log:
      - Expect "toContainText" with timeout 5000ms
      - waiting for locator('nav a[href="index.html#contact"]')


      39 |         await expect(page.locator('nav a[href="index.html#services"]')).toContainText('Services');
      40 |         await expect(page.locator('nav a[href="index.html#about"]')).toContainText('About');
    > 41 |         await expect(page.locator('nav a[href="index.html#contact"]')).toContainText('Contact');
         |                                                                        ^
      42 |         
      43 |         // Check CTA button
      44 |         await expect(page.locator('.cta-button')).toContainText('Get Quote');
        at /home/hlesesne/git/personal/graham-roten-enterprises/tests/service-pages.spec.js:41:72

    attachment #1: screenshot (image/png) ──────────────────────────────────────────────────────────
    ../test-results/service-pages-Service-Page-b7c07-ould-have-proper-navigation-firefox/test-failed-1.png
    ────────────────────────────────────────────────────────────────────────────────────────────────

    attachment #2: video (video/webm) ──────────────────────────────────────────────────────────────
    ../test-results/service-pages-Service-Page-b7c07-ould-have-proper-navigation-firefox/video.webm
    ────────────────────────────────────────────────────────────────────────────────────────────────

    Error Context: ../test-results/service-pages-Service-Page-b7c07-ould-have-proper-navigation-firefox/error-context.md
]]>
</failure>
<system-out>
<![CDATA[
[[ATTACHMENT|service-pages-Service-Page-b7c07-ould-have-proper-navigation-firefox/test-failed-1.png]]

[[ATTACHMENT|service-pages-Service-Page-b7c07-ould-have-proper-navigation-firefox/video.webm]]

[[ATTACHMENT|service-pages-Service-Page-b7c07-ould-have-proper-navigation-firefox/error-context.md]]
]]>
</system-out>
</testcase>
<testcase name="Service Pages Tests › Welding &amp; Fabrication Page › should display hero section correctly" classname="service-pages.spec.js" time="1.857">
</testcase>
<testcase name="Service Pages Tests › Welding &amp; Fabrication Page › should display service details section" classname="service-pages.spec.js" time="1.845">
<failure message="service-pages.spec.js:58:7 should display service details section" type="FAILURE">
<![CDATA[  [firefox] › service-pages.spec.js:58:7 › Service Pages Tests › Welding & Fabrication Page › should display service details section 

    Error: expect.toContainText: Error: strict mode violation: locator('.service-main h3') resolved to 3 elements:
        1) <h3>What We Provide</h3> aka getByRole('heading', { name: 'What We Provide' })
        2) <h3>Service Areas</h3> aka getByRole('heading', { name: 'Service Areas' })
        3) <h3>Certified Professionals</h3> aka getByRole('heading', { name: 'Certified Professionals' })

    Call log:
      - Expect "toContainText" with timeout 5000ms
      - waiting for locator('.service-main h3')


      71 |         
      72 |         // Check service areas section
    > 73 |         await expect(page.locator('.service-main h3')).toContainText('Service Areas');
         |                                                        ^
      74 |       });
      75 |
      76 |       test('should display sidebar with testimonial', async ({ page }) => {
        at /home/hlesesne/git/personal/graham-roten-enterprises/tests/service-pages.spec.js:73:56

    attachment #1: screenshot (image/png) ──────────────────────────────────────────────────────────
    ../test-results/service-pages-Service-Page-ff210-lay-service-details-section-firefox/test-failed-1.png
    ────────────────────────────────────────────────────────────────────────────────────────────────

    attachment #2: video (video/webm) ──────────────────────────────────────────────────────────────
    ../test-results/service-pages-Service-Page-ff210-lay-service-details-section-firefox/video.webm
    ────────────────────────────────────────────────────────────────────────────────────────────────

    Error Context: ../test-results/service-pages-Service-Page-ff210-lay-service-details-section-firefox/error-context.md
]]>
</failure>
<system-out>
<![CDATA[
[[ATTACHMENT|service-pages-Service-Page-ff210-lay-service-details-section-firefox/test-failed-1.png]]

[[ATTACHMENT|service-pages-Service-Page-ff210-lay-service-details-section-firefox/video.webm]]

[[ATTACHMENT|service-pages-Service-Page-ff210-lay-service-details-section-firefox/error-context.md]]
]]>
</system-out>
</testcase>
<testcase name="Service Pages Tests › Welding &amp; Fabrication Page › should display sidebar with testimonial" classname="service-pages.spec.js" time="4.25">
</testcase>
<testcase name="Service Pages Tests › Welding &amp; Fabrication Page › should display service gallery" classname="service-pages.spec.js" time="4.429">
</testcase>
<testcase name="Service Pages Tests › Welding &amp; Fabrication Page › should display footer" classname="service-pages.spec.js" time="2.019">
</testcase>
<testcase name="Service Pages Tests › Welding &amp; Fabrication Page › should be responsive on mobile" classname="service-pages.spec.js" time="4.945">
</testcase>
<testcase name="Service Pages Tests › Equipment Services Page › should load page successfully" classname="service-pages.spec.js" time="1.532">
</testcase>
<testcase name="Service Pages Tests › Equipment Services Page › should have proper navigation" classname="service-pages.spec.js" time="2.527">
<failure message="service-pages.spec.js:32:7 should have proper navigation" type="FAILURE">
<![CDATA[  [firefox] › service-pages.spec.js:32:7 › Service Pages Tests › Equipment Services Page › should have proper navigation 

    Error: expect.toContainText: Error: strict mode violation: locator('nav a[href="index.html#contact"]') resolved to 2 elements:
        1) <a href="index.html#contact">Contact</a> aka locator('#nav').getByRole('link', { name: 'Contact' })
        2) <a class="cta-button" href="index.html#contact">Get Quote</a> aka locator('#nav').getByRole('link', { name: 'Get Quote' })

    Call log:
      - Expect "toContainText" with timeout 5000ms
      - waiting for locator('nav a[href="index.html#contact"]')


      39 |         await expect(page.locator('nav a[href="index.html#services"]')).toContainText('Services');
      40 |         await expect(page.locator('nav a[href="index.html#about"]')).toContainText('About');
    > 41 |         await expect(page.locator('nav a[href="index.html#contact"]')).toContainText('Contact');
         |                                                                        ^
      42 |         
      43 |         // Check CTA button
      44 |         await expect(page.locator('.cta-button')).toContainText('Get Quote');
        at /home/hlesesne/git/personal/graham-roten-enterprises/tests/service-pages.spec.js:41:72

    attachment #1: screenshot (image/png) ──────────────────────────────────────────────────────────
    ../test-results/service-pages-Service-Page-f9162-ould-have-proper-navigation-firefox/test-failed-1.png
    ────────────────────────────────────────────────────────────────────────────────────────────────

    attachment #2: video (video/webm) ──────────────────────────────────────────────────────────────
    ../test-results/service-pages-Service-Page-f9162-ould-have-proper-navigation-firefox/video.webm
    ────────────────────────────────────────────────────────────────────────────────────────────────

    Error Context: ../test-results/service-pages-Service-Page-f9162-ould-have-proper-navigation-firefox/error-context.md
]]>
</failure>
<system-out>
<![CDATA[
[[ATTACHMENT|service-pages-Service-Page-f9162-ould-have-proper-navigation-firefox/test-failed-1.png]]

[[ATTACHMENT|service-pages-Service-Page-f9162-ould-have-proper-navigation-firefox/video.webm]]

[[ATTACHMENT|service-pages-Service-Page-f9162-ould-have-proper-navigation-firefox/error-context.md]]
]]>
</system-out>
</testcase>
<testcase name="Service Pages Tests › Equipment Services Page › should display hero section correctly" classname="service-pages.spec.js" time="2.101">
</testcase>
<testcase name="Service Pages Tests › Equipment Services Page › should display service details section" classname="service-pages.spec.js" time="2.297">
<failure message="service-pages.spec.js:58:7 should display service details section" type="FAILURE">
<![CDATA[  [firefox] › service-pages.spec.js:58:7 › Service Pages Tests › Equipment Services Page › should display service details section 

    Error: expect.toContainText: Error: strict mode violation: locator('.service-main h3') resolved to 3 elements:
        1) <h3>What We Provide</h3> aka getByRole('heading', { name: 'What We Provide' })
        2) <h3>Service Areas</h3> aka getByRole('heading', { name: 'Service Areas' })
        3) <h3>Minimize Downtime</h3> aka getByRole('heading', { name: 'Minimize Downtime' })

    Call log:
      - Expect "toContainText" with timeout 5000ms
      - waiting for locator('.service-main h3')


      71 |         
      72 |         // Check service areas section
    > 73 |         await expect(page.locator('.service-main h3')).toContainText('Service Areas');
         |                                                        ^
      74 |       });
      75 |
      76 |       test('should display sidebar with testimonial', async ({ page }) => {
        at /home/hlesesne/git/personal/graham-roten-enterprises/tests/service-pages.spec.js:73:56

    attachment #1: screenshot (image/png) ──────────────────────────────────────────────────────────
    ../test-results/service-pages-Service-Page-3c9fc-lay-service-details-section-firefox/test-failed-1.png
    ────────────────────────────────────────────────────────────────────────────────────────────────

    attachment #2: video (video/webm) ──────────────────────────────────────────────────────────────
    ../test-results/service-pages-Service-Page-3c9fc-lay-service-details-section-firefox/video.webm
    ────────────────────────────────────────────────────────────────────────────────────────────────

    Error Context: ../test-results/service-pages-Service-Page-3c9fc-lay-service-details-section-firefox/error-context.md
]]>
</failure>
<system-out>
<![CDATA[
[[ATTACHMENT|service-pages-Service-Page-3c9fc-lay-service-details-section-firefox/test-failed-1.png]]

[[ATTACHMENT|service-pages-Service-Page-3c9fc-lay-service-details-section-firefox/video.webm]]

[[ATTACHMENT|service-pages-Service-Page-3c9fc-lay-service-details-section-firefox/error-context.md]]
]]>
</system-out>
</testcase>
<testcase name="Service Pages Tests › Equipment Services Page › should display sidebar with testimonial" classname="service-pages.spec.js" time="2.041">
</testcase>
<testcase name="Service Pages Tests › Equipment Services Page › should display service gallery" classname="service-pages.spec.js" time="4.365">
</testcase>
<testcase name="Service Pages Tests › Equipment Services Page › should display footer" classname="service-pages.spec.js" time="2.273">
</testcase>
<testcase name="Service Pages Tests › Equipment Services Page › should be responsive on mobile" classname="service-pages.spec.js" time="1.893">
</testcase>
<testcase name="Service Pages Tests › should navigate between service pages" classname="service-pages.spec.js" time="8.362">
</testcase>
</testsuite>
<testsuite name="forms.spec.js" timestamp="2025-07-17T02:05:28.079Z" hostname="webkit" tests="11" failures="0" skipped="0" time="69.057" errors="0">
<testcase name="Forms Tests › Contact Form › should display contact form correctly" classname="forms.spec.js" time="5.286">
</testcase>
<testcase name="Forms Tests › Contact Form › should validate required fields" classname="forms.spec.js" time="6.46">
</testcase>
<testcase name="Forms Tests › Contact Form › should fill out contact form successfully" classname="forms.spec.js" time="5.728">
</testcase>
<testcase name="Forms Tests › Contact Form › should validate email format" classname="forms.spec.js" time="5.435">
</testcase>
<testcase name="Forms Tests › Payment Form › should display payment form correctly" classname="forms.spec.js" time="4.841">
</testcase>
<testcase name="Forms Tests › Payment Form › should validate payment form fields" classname="forms.spec.js" time="5.924">
</testcase>
<testcase name="Forms Tests › Payment Form › should fill out payment form successfully" classname="forms.spec.js" time="5.821">
</testcase>
<testcase name="Forms Tests › Payment Form › should show payment features" classname="forms.spec.js" time="5.052">
</testcase>
<testcase name="Forms Tests › Payment Form › should handle payment form submission" classname="forms.spec.js" time="9.728">
</testcase>
<testcase name="Forms Tests › Form Accessibility › should have proper form labels and accessibility" classname="forms.spec.js" time="8.591">
</testcase>
<testcase name="Forms Tests › Form Accessibility › should support keyboard navigation" classname="forms.spec.js" time="6.191">
</testcase>
</testsuite>
<testsuite name="homepage.spec.js" timestamp="2025-07-17T02:05:28.079Z" hostname="webkit" tests="12" failures="0" skipped="0" time="79.3" errors="0">
<testcase name="Homepage Tests › should load homepage successfully" classname="homepage.spec.js" time="6.714">
</testcase>
<testcase name="Homepage Tests › should have working navigation menu" classname="homepage.spec.js" time="7.041">
</testcase>
<testcase name="Homepage Tests › should display hero section correctly" classname="homepage.spec.js" time="7.159">
</testcase>
<testcase name="Homepage Tests › should display statistics section" classname="homepage.spec.js" time="6.318">
</testcase>
<testcase name="Homepage Tests › should display all service cards" classname="homepage.spec.js" time="6.922">
</testcase>
<testcase name="Homepage Tests › should have working service card links" classname="homepage.spec.js" time="6.068">
</testcase>
<testcase name="Homepage Tests › should display equipment showcase" classname="homepage.spec.js" time="6.667">
</testcase>
<testcase name="Homepage Tests › should display projects section" classname="homepage.spec.js" time="6.841">
</testcase>
<testcase name="Homepage Tests › should display about section" classname="homepage.spec.js" time="6.049">
</testcase>
<testcase name="Homepage Tests › should display contact section" classname="homepage.spec.js" time="6.506">
</testcase>
<testcase name="Homepage Tests › should display payment section" classname="homepage.spec.js" time="6.342">
</testcase>
<testcase name="Homepage Tests › should display footer" classname="homepage.spec.js" time="6.673">
</testcase>
</testsuite>
<testsuite name="service-pages.spec.js" timestamp="2025-07-17T02:05:28.079Z" hostname="webkit" tests="65" failures="5" skipped="47" time="73.784" errors="0">
<testcase name="Service Pages Tests › Heavy Hauling Services Page › should load page successfully" classname="service-pages.spec.js" time="4.727">
</testcase>
<testcase name="Service Pages Tests › Heavy Hauling Services Page › should have proper navigation" classname="service-pages.spec.js" time="4.048">
<failure message="service-pages.spec.js:32:7 should have proper navigation" type="FAILURE">
<![CDATA[  [webkit] › service-pages.spec.js:32:7 › Service Pages Tests › Heavy Hauling Services Page › should have proper navigation 

    Error: expect.toContainText: Error: strict mode violation: locator('nav a[href="index.html#contact"]') resolved to 2 elements:
        1) <a href="index.html#contact">Contact</a> aka locator('#nav').getByRole('link', { name: 'Contact' })
        2) <a class="cta-button" href="index.html#contact">Get Quote</a> aka locator('#nav').getByRole('link', { name: 'Get Quote' })

    Call log:
      - Expect "toContainText" with timeout 5000ms
      - waiting for locator('nav a[href="index.html#contact"]')


      39 |         await expect(page.locator('nav a[href="index.html#services"]')).toContainText('Services');
      40 |         await expect(page.locator('nav a[href="index.html#about"]')).toContainText('About');
    > 41 |         await expect(page.locator('nav a[href="index.html#contact"]')).toContainText('Contact');
         |                                                                        ^
      42 |         
      43 |         // Check CTA button
      44 |         await expect(page.locator('.cta-button')).toContainText('Get Quote');
        at /home/hlesesne/git/personal/graham-roten-enterprises/tests/service-pages.spec.js:41:72

    attachment #1: screenshot (image/png) ──────────────────────────────────────────────────────────
    ../test-results/service-pages-Service-Page-0ee30-ould-have-proper-navigation-webkit/test-failed-1.png
    ────────────────────────────────────────────────────────────────────────────────────────────────

    attachment #2: video (video/webm) ──────────────────────────────────────────────────────────────
    ../test-results/service-pages-Service-Page-0ee30-ould-have-proper-navigation-webkit/video.webm
    ────────────────────────────────────────────────────────────────────────────────────────────────

    Error Context: ../test-results/service-pages-Service-Page-0ee30-ould-have-proper-navigation-webkit/error-context.md
]]>
</failure>
<system-out>
<![CDATA[
[[ATTACHMENT|service-pages-Service-Page-0ee30-ould-have-proper-navigation-webkit/test-failed-1.png]]

[[ATTACHMENT|service-pages-Service-Page-0ee30-ould-have-proper-navigation-webkit/video.webm]]

[[ATTACHMENT|service-pages-Service-Page-0ee30-ould-have-proper-navigation-webkit/error-context.md]]
]]>
</system-out>
</testcase>
<testcase name="Service Pages Tests › Heavy Hauling Services Page › should display hero section correctly" classname="service-pages.spec.js" time="3.812">
</testcase>
<testcase name="Service Pages Tests › Heavy Hauling Services Page › should display service details section" classname="service-pages.spec.js" time="3.975">
<failure message="service-pages.spec.js:58:7 should display service details section" type="FAILURE">
<![CDATA[  [webkit] › service-pages.spec.js:58:7 › Service Pages Tests › Heavy Hauling Services Page › should display service details section 

    Error: expect.toContainText: Error: strict mode violation: locator('.service-main h3') resolved to 3 elements:
        1) <h3>What We Provide</h3> aka getByRole('heading', { name: 'What We Provide' })
        2) <h3>Service Areas</h3> aka getByRole('heading', { name: 'Service Areas' })
        3) <h3>Equipment & Capabilities</h3> aka getByRole('heading', { name: 'Equipment & Capabilities' })

    Call log:
      - Expect "toContainText" with timeout 5000ms
      - waiting for locator('.service-main h3')


      71 |         
      72 |         // Check service areas section
    > 73 |         await expect(page.locator('.service-main h3')).toContainText('Service Areas');
         |                                                        ^
      74 |       });
      75 |
      76 |       test('should display sidebar with testimonial', async ({ page }) => {
        at /home/hlesesne/git/personal/graham-roten-enterprises/tests/service-pages.spec.js:73:56

    attachment #1: screenshot (image/png) ──────────────────────────────────────────────────────────
    ../test-results/service-pages-Service-Page-02f69-lay-service-details-section-webkit/test-failed-1.png
    ────────────────────────────────────────────────────────────────────────────────────────────────

    attachment #2: video (video/webm) ──────────────────────────────────────────────────────────────
    ../test-results/service-pages-Service-Page-02f69-lay-service-details-section-webkit/video.webm
    ────────────────────────────────────────────────────────────────────────────────────────────────

    Error Context: ../test-results/service-pages-Service-Page-02f69-lay-service-details-section-webkit/error-context.md
]]>
</failure>
<system-out>
<![CDATA[
[[ATTACHMENT|service-pages-Service-Page-02f69-lay-service-details-section-webkit/test-failed-1.png]]

[[ATTACHMENT|service-pages-Service-Page-02f69-lay-service-details-section-webkit/video.webm]]

[[ATTACHMENT|service-pages-Service-Page-02f69-lay-service-details-section-webkit/error-context.md]]
]]>
</system-out>
</testcase>
<testcase name="Service Pages Tests › Heavy Hauling Services Page › should display sidebar with testimonial" classname="service-pages.spec.js" time="3.636">
</testcase>
<testcase name="Service Pages Tests › Heavy Hauling Services Page › should display service gallery" classname="service-pages.spec.js" time="3.396">
</testcase>
<testcase name="Service Pages Tests › Heavy Hauling Services Page › should display footer" classname="service-pages.spec.js" time="3.46">
</testcase>
<testcase name="Service Pages Tests › Heavy Hauling Services Page › should be responsive on mobile" classname="service-pages.spec.js" time="2.617">
</testcase>
<testcase name="Service Pages Tests › Gravel &amp; Stone Delivery Page › should load page successfully" classname="service-pages.spec.js" time="3.251">
</testcase>
<testcase name="Service Pages Tests › Gravel &amp; Stone Delivery Page › should have proper navigation" classname="service-pages.spec.js" time="3.697">
<failure message="service-pages.spec.js:32:7 should have proper navigation" type="FAILURE">
<![CDATA[  [webkit] › service-pages.spec.js:32:7 › Service Pages Tests › Gravel & Stone Delivery Page › should have proper navigation 

    Error: expect.toContainText: Error: strict mode violation: locator('nav a[href="index.html#contact"]') resolved to 2 elements:
        1) <a href="index.html#contact">Contact</a> aka locator('#nav').getByRole('link', { name: 'Contact' })
        2) <a class="cta-button" href="index.html#contact">Get Quote</a> aka locator('#nav').getByRole('link', { name: 'Get Quote' })

    Call log:
      - Expect "toContainText" with timeout 5000ms
      - waiting for locator('nav a[href="index.html#contact"]')


      39 |         await expect(page.locator('nav a[href="index.html#services"]')).toContainText('Services');
      40 |         await expect(page.locator('nav a[href="index.html#about"]')).toContainText('About');
    > 41 |         await expect(page.locator('nav a[href="index.html#contact"]')).toContainText('Contact');
         |                                                                        ^
      42 |         
      43 |         // Check CTA button
      44 |         await expect(page.locator('.cta-button')).toContainText('Get Quote');
        at /home/hlesesne/git/personal/graham-roten-enterprises/tests/service-pages.spec.js:41:72

    attachment #1: screenshot (image/png) ──────────────────────────────────────────────────────────
    ../test-results/service-pages-Service-Page-dcbc8-ould-have-proper-navigation-webkit/test-failed-1.png
    ────────────────────────────────────────────────────────────────────────────────────────────────

    attachment #2: video (video/webm) ──────────────────────────────────────────────────────────────
    ../test-results/service-pages-Service-Page-dcbc8-ould-have-proper-navigation-webkit/video.webm
    ────────────────────────────────────────────────────────────────────────────────────────────────

    Error Context: ../test-results/service-pages-Service-Page-dcbc8-ould-have-proper-navigation-webkit/error-context.md
]]>
</failure>
<system-out>
<![CDATA[
[[ATTACHMENT|service-pages-Service-Page-dcbc8-ould-have-proper-navigation-webkit/test-failed-1.png]]

[[ATTACHMENT|service-pages-Service-Page-dcbc8-ould-have-proper-navigation-webkit/video.webm]]

[[ATTACHMENT|service-pages-Service-Page-dcbc8-ould-have-proper-navigation-webkit/error-context.md]]
]]>
</system-out>
</testcase>
<testcase name="Service Pages Tests › Gravel &amp; Stone Delivery Page › should display hero section correctly" classname="service-pages.spec.js" time="4.015">
</testcase>
<testcase name="Service Pages Tests › Gravel &amp; Stone Delivery Page › should display service details section" classname="service-pages.spec.js" time="4.225">
<failure message="service-pages.spec.js:58:7 should display service details section" type="FAILURE">
<![CDATA[  [webkit] › service-pages.spec.js:58:7 › Service Pages Tests › Gravel & Stone Delivery Page › should display service details section 

    Error: expect.toContainText: Error: strict mode violation: locator('.service-main h3') resolved to 3 elements:
        1) <h3>What We Provide</h3> aka getByRole('heading', { name: 'What We Provide' })
        2) <h3>Service Areas</h3> aka getByRole('heading', { name: 'Service Areas' })
        3) <h3>Material Types & Applications</h3> aka getByRole('heading', { name: 'Material Types & Applications' })

    Call log:
      - Expect "toContainText" with timeout 5000ms
      - waiting for locator('.service-main h3')


      71 |         
      72 |         // Check service areas section
    > 73 |         await expect(page.locator('.service-main h3')).toContainText('Service Areas');
         |                                                        ^
      74 |       });
      75 |
      76 |       test('should display sidebar with testimonial', async ({ page }) => {
        at /home/hlesesne/git/personal/graham-roten-enterprises/tests/service-pages.spec.js:73:56

    attachment #1: screenshot (image/png) ──────────────────────────────────────────────────────────
    ../test-results/service-pages-Service-Page-422e7-lay-service-details-section-webkit/test-failed-1.png
    ────────────────────────────────────────────────────────────────────────────────────────────────

    attachment #2: video (video/webm) ──────────────────────────────────────────────────────────────
    ../test-results/service-pages-Service-Page-422e7-lay-service-details-section-webkit/video.webm
    ────────────────────────────────────────────────────────────────────────────────────────────────

    Error Context: ../test-results/service-pages-Service-Page-422e7-lay-service-details-section-webkit/error-context.md
]]>
</failure>
<system-out>
<![CDATA[
[[ATTACHMENT|service-pages-Service-Page-422e7-lay-service-details-section-webkit/test-failed-1.png]]

[[ATTACHMENT|service-pages-Service-Page-422e7-lay-service-details-section-webkit/video.webm]]

[[ATTACHMENT|service-pages-Service-Page-422e7-lay-service-details-section-webkit/error-context.md]]
]]>
</system-out>
</testcase>
<testcase name="Service Pages Tests › Gravel &amp; Stone Delivery Page › should display sidebar with testimonial" classname="service-pages.spec.js" time="3.877">
</testcase>
<testcase name="Service Pages Tests › Gravel &amp; Stone Delivery Page › should display service gallery" classname="service-pages.spec.js" time="2.987">
</testcase>
<testcase name="Service Pages Tests › Gravel &amp; Stone Delivery Page › should display footer" classname="service-pages.spec.js" time="4.104">
</testcase>
<testcase name="Service Pages Tests › Gravel &amp; Stone Delivery Page › should be responsive on mobile" classname="service-pages.spec.js" time="2.158">
</testcase>
<testcase name="Service Pages Tests › Site Preparation Services Page › should load page successfully" classname="service-pages.spec.js" time="3.479">
</testcase>
<testcase name="Service Pages Tests › Site Preparation Services Page › should have proper navigation" classname="service-pages.spec.js" time="3.818">
<failure message="service-pages.spec.js:32:7 should have proper navigation" type="FAILURE">
<![CDATA[  [webkit] › service-pages.spec.js:32:7 › Service Pages Tests › Site Preparation Services Page › should have proper navigation 

    Error: expect.toContainText: Error: strict mode violation: locator('nav a[href="index.html#contact"]') resolved to 2 elements:
        1) <a href="index.html#contact">Contact</a> aka locator('#nav').getByRole('link', { name: 'Contact' })
        2) <a class="cta-button" href="index.html#contact">Get Quote</a> aka locator('#nav').getByRole('link', { name: 'Get Quote' })

    Call log:
      - Expect "toContainText" with timeout 5000ms
      - waiting for locator('nav a[href="index.html#contact"]')


      39 |         await expect(page.locator('nav a[href="index.html#services"]')).toContainText('Services');
      40 |         await expect(page.locator('nav a[href="index.html#about"]')).toContainText('About');
    > 41 |         await expect(page.locator('nav a[href="index.html#contact"]')).toContainText('Contact');
         |                                                                        ^
      42 |         
      43 |         // Check CTA button
      44 |         await expect(page.locator('.cta-button')).toContainText('Get Quote');
        at /home/hlesesne/git/personal/graham-roten-enterprises/tests/service-pages.spec.js:41:72

    attachment #1: screenshot (image/png) ──────────────────────────────────────────────────────────
    ../test-results/service-pages-Service-Page-e15a7-ould-have-proper-navigation-webkit/test-failed-1.png
    ────────────────────────────────────────────────────────────────────────────────────────────────

    attachment #2: video (video/webm) ──────────────────────────────────────────────────────────────
    ../test-results/service-pages-Service-Page-e15a7-ould-have-proper-navigation-webkit/video.webm
    ────────────────────────────────────────────────────────────────────────────────────────────────

    Error Context: ../test-results/service-pages-Service-Page-e15a7-ould-have-proper-navigation-webkit/error-context.md
]]>
</failure>
<system-out>
<![CDATA[
[[ATTACHMENT|service-pages-Service-Page-e15a7-ould-have-proper-navigation-webkit/test-failed-1.png]]

[[ATTACHMENT|service-pages-Service-Page-e15a7-ould-have-proper-navigation-webkit/video.webm]]

[[ATTACHMENT|service-pages-Service-Page-e15a7-ould-have-proper-navigation-webkit/error-context.md]]
]]>
</system-out>
</testcase>
<testcase name="Service Pages Tests › Site Preparation Services Page › should display hero section correctly" classname="service-pages.spec.js" time="2.466">
<skipped>
</skipped>
</testcase>
<testcase name="Service Pages Tests › Site Preparation Services Page › should display service details section" classname="service-pages.spec.js" time="3.348">
<skipped>
</skipped>
</testcase>
<testcase name="Service Pages Tests › Site Preparation Services Page › should display sidebar with testimonial" classname="service-pages.spec.js" time="2.688">
<skipped>
</skipped>
</testcase>
<testcase name="Service Pages Tests › Site Preparation Services Page › should display service gallery" classname="service-pages.spec.js" time="0">
<skipped>
</skipped>
</testcase>
<testcase name="Service Pages Tests › Site Preparation Services Page › should display footer" classname="service-pages.spec.js" time="0">
<skipped>
</skipped>
</testcase>
<testcase name="Service Pages Tests › Site Preparation Services Page › should be responsive on mobile" classname="service-pages.spec.js" time="0">
<skipped>
</skipped>
</testcase>
<testcase name="Service Pages Tests › Residential Services Page › should load page successfully" classname="service-pages.spec.js" time="0">
<skipped>
</skipped>
</testcase>
<testcase name="Service Pages Tests › Residential Services Page › should have proper navigation" classname="service-pages.spec.js" time="0">
<skipped>
</skipped>
</testcase>
<testcase name="Service Pages Tests › Residential Services Page › should display hero section correctly" classname="service-pages.spec.js" time="0">
<skipped>
</skipped>
</testcase>
<testcase name="Service Pages Tests › Residential Services Page › should display service details section" classname="service-pages.spec.js" time="0">
<skipped>
</skipped>
</testcase>
<testcase name="Service Pages Tests › Residential Services Page › should display sidebar with testimonial" classname="service-pages.spec.js" time="0">
<skipped>
</skipped>
</testcase>
<testcase name="Service Pages Tests › Residential Services Page › should display service gallery" classname="service-pages.spec.js" time="0">
<skipped>
</skipped>
</testcase>
<testcase name="Service Pages Tests › Residential Services Page › should display footer" classname="service-pages.spec.js" time="0">
<skipped>
</skipped>
</testcase>
<testcase name="Service Pages Tests › Residential Services Page › should be responsive on mobile" classname="service-pages.spec.js" time="0">
<skipped>
</skipped>
</testcase>
<testcase name="Service Pages Tests › Equipment Transport Page › should load page successfully" classname="service-pages.spec.js" time="0">
<skipped>
</skipped>
</testcase>
<testcase name="Service Pages Tests › Equipment Transport Page › should have proper navigation" classname="service-pages.spec.js" time="0">
<skipped>
</skipped>
</testcase>
<testcase name="Service Pages Tests › Equipment Transport Page › should display hero section correctly" classname="service-pages.spec.js" time="0">
<skipped>
</skipped>
</testcase>
<testcase name="Service Pages Tests › Equipment Transport Page › should display service details section" classname="service-pages.spec.js" time="0">
<skipped>
</skipped>
</testcase>
<testcase name="Service Pages Tests › Equipment Transport Page › should display sidebar with testimonial" classname="service-pages.spec.js" time="0">
<skipped>
</skipped>
</testcase>
<testcase name="Service Pages Tests › Equipment Transport Page › should display service gallery" classname="service-pages.spec.js" time="0">
<skipped>
</skipped>
</testcase>
<testcase name="Service Pages Tests › Equipment Transport Page › should display footer" classname="service-pages.spec.js" time="0">
<skipped>
</skipped>
</testcase>
<testcase name="Service Pages Tests › Equipment Transport Page › should be responsive on mobile" classname="service-pages.spec.js" time="0">
<skipped>
</skipped>
</testcase>
<testcase name="Service Pages Tests › Septic Services Page › should load page successfully" classname="service-pages.spec.js" time="0">
<skipped>
</skipped>
</testcase>
<testcase name="Service Pages Tests › Septic Services Page › should have proper navigation" classname="service-pages.spec.js" time="0">
<skipped>
</skipped>
</testcase>
<testcase name="Service Pages Tests › Septic Services Page › should display hero section correctly" classname="service-pages.spec.js" time="0">
<skipped>
</skipped>
</testcase>
<testcase name="Service Pages Tests › Septic Services Page › should display service details section" classname="service-pages.spec.js" time="0">
<skipped>
</skipped>
</testcase>
<testcase name="Service Pages Tests › Septic Services Page › should display sidebar with testimonial" classname="service-pages.spec.js" time="0">
<skipped>
</skipped>
</testcase>
<testcase name="Service Pages Tests › Septic Services Page › should display service gallery" classname="service-pages.spec.js" time="0">
<skipped>
</skipped>
</testcase>
<testcase name="Service Pages Tests › Septic Services Page › should display footer" classname="service-pages.spec.js" time="0">
<skipped>
</skipped>
</testcase>
<testcase name="Service Pages Tests › Septic Services Page › should be responsive on mobile" classname="service-pages.spec.js" time="0">
<skipped>
</skipped>
</testcase>
<testcase name="Service Pages Tests › Welding &amp; Fabrication Page › should load page successfully" classname="service-pages.spec.js" time="0">
<skipped>
</skipped>
</testcase>
<testcase name="Service Pages Tests › Welding &amp; Fabrication Page › should have proper navigation" classname="service-pages.spec.js" time="0">
<skipped>
</skipped>
</testcase>
<testcase name="Service Pages Tests › Welding &amp; Fabrication Page › should display hero section correctly" classname="service-pages.spec.js" time="0">
<skipped>
</skipped>
</testcase>
<testcase name="Service Pages Tests › Welding &amp; Fabrication Page › should display service details section" classname="service-pages.spec.js" time="0">
<skipped>
</skipped>
</testcase>
<testcase name="Service Pages Tests › Welding &amp; Fabrication Page › should display sidebar with testimonial" classname="service-pages.spec.js" time="0">
<skipped>
</skipped>
</testcase>
<testcase name="Service Pages Tests › Welding &amp; Fabrication Page › should display service gallery" classname="service-pages.spec.js" time="0">
<skipped>
</skipped>
</testcase>
<testcase name="Service Pages Tests › Welding &amp; Fabrication Page › should display footer" classname="service-pages.spec.js" time="0">
<skipped>
</skipped>
</testcase>
<testcase name="Service Pages Tests › Welding &amp; Fabrication Page › should be responsive on mobile" classname="service-pages.spec.js" time="0">
<skipped>
</skipped>
</testcase>
<testcase name="Service Pages Tests › Equipment Services Page › should load page successfully" classname="service-pages.spec.js" time="0">
<skipped>
</skipped>
</testcase>
<testcase name="Service Pages Tests › Equipment Services Page › should have proper navigation" classname="service-pages.spec.js" time="0">
<skipped>
</skipped>
</testcase>
<testcase name="Service Pages Tests › Equipment Services Page › should display hero section correctly" classname="service-pages.spec.js" time="0">
<skipped>
</skipped>
</testcase>
<testcase name="Service Pages Tests › Equipment Services Page › should display service details section" classname="service-pages.spec.js" time="0">
<skipped>
</skipped>
</testcase>
<testcase name="Service Pages Tests › Equipment Services Page › should display sidebar with testimonial" classname="service-pages.spec.js" time="0">
<skipped>
</skipped>
</testcase>
<testcase name="Service Pages Tests › Equipment Services Page › should display service gallery" classname="service-pages.spec.js" time="0">
<skipped>
</skipped>
</testcase>
<testcase name="Service Pages Tests › Equipment Services Page › should display footer" classname="service-pages.spec.js" time="0">
<skipped>
</skipped>
</testcase>
<testcase name="Service Pages Tests › Equipment Services Page › should be responsive on mobile" classname="service-pages.spec.js" time="0">
<skipped>
</skipped>
</testcase>
<testcase name="Service Pages Tests › should navigate between service pages" classname="service-pages.spec.js" time="0">
<skipped>
</skipped>
</testcase>
</testsuite>
<testsuite name="forms.spec.js" timestamp="2025-07-17T02:05:28.079Z" hostname="Mobile Chrome" tests="11" failures="0" skipped="11" time="0" errors="0">
<testcase name="Forms Tests › Contact Form › should display contact form correctly" classname="forms.spec.js" time="0">
<skipped>
</skipped>
</testcase>
<testcase name="Forms Tests › Contact Form › should validate required fields" classname="forms.spec.js" time="0">
<skipped>
</skipped>
</testcase>
<testcase name="Forms Tests › Contact Form › should fill out contact form successfully" classname="forms.spec.js" time="0">
<skipped>
</skipped>
</testcase>
<testcase name="Forms Tests › Contact Form › should validate email format" classname="forms.spec.js" time="0">
<skipped>
</skipped>
</testcase>
<testcase name="Forms Tests › Payment Form › should display payment form correctly" classname="forms.spec.js" time="0">
<skipped>
</skipped>
</testcase>
<testcase name="Forms Tests › Payment Form › should validate payment form fields" classname="forms.spec.js" time="0">
<skipped>
</skipped>
</testcase>
<testcase name="Forms Tests › Payment Form › should fill out payment form successfully" classname="forms.spec.js" time="0">
<skipped>
</skipped>
</testcase>
<testcase name="Forms Tests › Payment Form › should show payment features" classname="forms.spec.js" time="0">
<skipped>
</skipped>
</testcase>
<testcase name="Forms Tests › Payment Form › should handle payment form submission" classname="forms.spec.js" time="0">
<skipped>
</skipped>
</testcase>
<testcase name="Forms Tests › Form Accessibility › should have proper form labels and accessibility" classname="forms.spec.js" time="0">
<skipped>
</skipped>
</testcase>
<testcase name="Forms Tests › Form Accessibility › should support keyboard navigation" classname="forms.spec.js" time="0">
<skipped>
</skipped>
</testcase>
</testsuite>
<testsuite name="homepage.spec.js" timestamp="2025-07-17T02:05:28.079Z" hostname="Mobile Chrome" tests="12" failures="0" skipped="12" time="0" errors="0">
<testcase name="Homepage Tests › should load homepage successfully" classname="homepage.spec.js" time="0">
<skipped>
</skipped>
</testcase>
<testcase name="Homepage Tests › should have working navigation menu" classname="homepage.spec.js" time="0">
<skipped>
</skipped>
</testcase>
<testcase name="Homepage Tests › should display hero section correctly" classname="homepage.spec.js" time="0">
<skipped>
</skipped>
</testcase>
<testcase name="Homepage Tests › should display statistics section" classname="homepage.spec.js" time="0">
<skipped>
</skipped>
</testcase>
<testcase name="Homepage Tests › should display all service cards" classname="homepage.spec.js" time="0">
<skipped>
</skipped>
</testcase>
<testcase name="Homepage Tests › should have working service card links" classname="homepage.spec.js" time="0">
<skipped>
</skipped>
</testcase>
<testcase name="Homepage Tests › should display equipment showcase" classname="homepage.spec.js" time="0">
<skipped>
</skipped>
</testcase>
<testcase name="Homepage Tests › should display projects section" classname="homepage.spec.js" time="0">
<skipped>
</skipped>
</testcase>
<testcase name="Homepage Tests › should display about section" classname="homepage.spec.js" time="0">
<skipped>
</skipped>
</testcase>
<testcase name="Homepage Tests › should display contact section" classname="homepage.spec.js" time="0">
<skipped>
</skipped>
</testcase>
<testcase name="Homepage Tests › should display payment section" classname="homepage.spec.js" time="0">
<skipped>
</skipped>
</testcase>
<testcase name="Homepage Tests › should display footer" classname="homepage.spec.js" time="0">
<skipped>
</skipped>
</testcase>
</testsuite>
<testsuite name="service-pages.spec.js" timestamp="2025-07-17T02:05:28.079Z" hostname="Mobile Chrome" tests="65" failures="0" skipped="65" time="0" errors="0">
<testcase name="Service Pages Tests › Heavy Hauling Services Page › should load page successfully" classname="service-pages.spec.js" time="0">
<skipped>
</skipped>
</testcase>
<testcase name="Service Pages Tests › Heavy Hauling Services Page › should have proper navigation" classname="service-pages.spec.js" time="0">
<skipped>
</skipped>
</testcase>
<testcase name="Service Pages Tests › Heavy Hauling Services Page › should display hero section correctly" classname="service-pages.spec.js" time="0">
<skipped>
</skipped>
</testcase>
<testcase name="Service Pages Tests › Heavy Hauling Services Page › should display service details section" classname="service-pages.spec.js" time="0">
<skipped>
</skipped>
</testcase>
<testcase name="Service Pages Tests › Heavy Hauling Services Page › should display sidebar with testimonial" classname="service-pages.spec.js" time="0">
<skipped>
</skipped>
</testcase>
<testcase name="Service Pages Tests › Heavy Hauling Services Page › should display service gallery" classname="service-pages.spec.js" time="0">
<skipped>
</skipped>
</testcase>
<testcase name="Service Pages Tests › Heavy Hauling Services Page › should display footer" classname="service-pages.spec.js" time="0">
<skipped>
</skipped>
</testcase>
<testcase name="Service Pages Tests › Heavy Hauling Services Page › should be responsive on mobile" classname="service-pages.spec.js" time="0">
<skipped>
</skipped>
</testcase>
<testcase name="Service Pages Tests › Gravel &amp; Stone Delivery Page › should load page successfully" classname="service-pages.spec.js" time="0">
<skipped>
</skipped>
</testcase>
<testcase name="Service Pages Tests › Gravel &amp; Stone Delivery Page › should have proper navigation" classname="service-pages.spec.js" time="0">
<skipped>
</skipped>
</testcase>
<testcase name="Service Pages Tests › Gravel &amp; Stone Delivery Page › should display hero section correctly" classname="service-pages.spec.js" time="0">
<skipped>
</skipped>
</testcase>
<testcase name="Service Pages Tests › Gravel &amp; Stone Delivery Page › should display service details section" classname="service-pages.spec.js" time="0">
<skipped>
</skipped>
</testcase>
<testcase name="Service Pages Tests › Gravel &amp; Stone Delivery Page › should display sidebar with testimonial" classname="service-pages.spec.js" time="0">
<skipped>
</skipped>
</testcase>
<testcase name="Service Pages Tests › Gravel &amp; Stone Delivery Page › should display service gallery" classname="service-pages.spec.js" time="0">
<skipped>
</skipped>
</testcase>
<testcase name="Service Pages Tests › Gravel &amp; Stone Delivery Page › should display footer" classname="service-pages.spec.js" time="0">
<skipped>
</skipped>
</testcase>
<testcase name="Service Pages Tests › Gravel &amp; Stone Delivery Page › should be responsive on mobile" classname="service-pages.spec.js" time="0">
<skipped>
</skipped>
</testcase>
<testcase name="Service Pages Tests › Site Preparation Services Page › should load page successfully" classname="service-pages.spec.js" time="0">
<skipped>
</skipped>
</testcase>
<testcase name="Service Pages Tests › Site Preparation Services Page › should have proper navigation" classname="service-pages.spec.js" time="0">
<skipped>
</skipped>
</testcase>
<testcase name="Service Pages Tests › Site Preparation Services Page › should display hero section correctly" classname="service-pages.spec.js" time="0">
<skipped>
</skipped>
</testcase>
<testcase name="Service Pages Tests › Site Preparation Services Page › should display service details section" classname="service-pages.spec.js" time="0">
<skipped>
</skipped>
</testcase>
<testcase name="Service Pages Tests › Site Preparation Services Page › should display sidebar with testimonial" classname="service-pages.spec.js" time="0">
<skipped>
</skipped>
</testcase>
<testcase name="Service Pages Tests › Site Preparation Services Page › should display service gallery" classname="service-pages.spec.js" time="0">
<skipped>
</skipped>
</testcase>
<testcase name="Service Pages Tests › Site Preparation Services Page › should display footer" classname="service-pages.spec.js" time="0">
<skipped>
</skipped>
</testcase>
<testcase name="Service Pages Tests › Site Preparation Services Page › should be responsive on mobile" classname="service-pages.spec.js" time="0">
<skipped>
</skipped>
</testcase>
<testcase name="Service Pages Tests › Residential Services Page › should load page successfully" classname="service-pages.spec.js" time="0">
<skipped>
</skipped>
</testcase>
<testcase name="Service Pages Tests › Residential Services Page › should have proper navigation" classname="service-pages.spec.js" time="0">
<skipped>
</skipped>
</testcase>
<testcase name="Service Pages Tests › Residential Services Page › should display hero section correctly" classname="service-pages.spec.js" time="0">
<skipped>
</skipped>
</testcase>
<testcase name="Service Pages Tests › Residential Services Page › should display service details section" classname="service-pages.spec.js" time="0">
<skipped>
</skipped>
</testcase>
<testcase name="Service Pages Tests › Residential Services Page › should display sidebar with testimonial" classname="service-pages.spec.js" time="0">
<skipped>
</skipped>
</testcase>
<testcase name="Service Pages Tests › Residential Services Page › should display service gallery" classname="service-pages.spec.js" time="0">
<skipped>
</skipped>
</testcase>
<testcase name="Service Pages Tests › Residential Services Page › should display footer" classname="service-pages.spec.js" time="0">
<skipped>
</skipped>
</testcase>
<testcase name="Service Pages Tests › Residential Services Page › should be responsive on mobile" classname="service-pages.spec.js" time="0">
<skipped>
</skipped>
</testcase>
<testcase name="Service Pages Tests › Equipment Transport Page › should load page successfully" classname="service-pages.spec.js" time="0">
<skipped>
</skipped>
</testcase>
<testcase name="Service Pages Tests › Equipment Transport Page › should have proper navigation" classname="service-pages.spec.js" time="0">
<skipped>
</skipped>
</testcase>
<testcase name="Service Pages Tests › Equipment Transport Page › should display hero section correctly" classname="service-pages.spec.js" time="0">
<skipped>
</skipped>
</testcase>
<testcase name="Service Pages Tests › Equipment Transport Page › should display service details section" classname="service-pages.spec.js" time="0">
<skipped>
</skipped>
</testcase>
<testcase name="Service Pages Tests › Equipment Transport Page › should display sidebar with testimonial" classname="service-pages.spec.js" time="0">
<skipped>
</skipped>
</testcase>
<testcase name="Service Pages Tests › Equipment Transport Page › should display service gallery" classname="service-pages.spec.js" time="0">
<skipped>
</skipped>
</testcase>
<testcase name="Service Pages Tests › Equipment Transport Page › should display footer" classname="service-pages.spec.js" time="0">
<skipped>
</skipped>
</testcase>
<testcase name="Service Pages Tests › Equipment Transport Page › should be responsive on mobile" classname="service-pages.spec.js" time="0">
<skipped>
</skipped>
</testcase>
<testcase name="Service Pages Tests › Septic Services Page › should load page successfully" classname="service-pages.spec.js" time="0">
<skipped>
</skipped>
</testcase>
<testcase name="Service Pages Tests › Septic Services Page › should have proper navigation" classname="service-pages.spec.js" time="0">
<skipped>
</skipped>
</testcase>
<testcase name="Service Pages Tests › Septic Services Page › should display hero section correctly" classname="service-pages.spec.js" time="0">
<skipped>
</skipped>
</testcase>
<testcase name="Service Pages Tests › Septic Services Page › should display service details section" classname="service-pages.spec.js" time="0">
<skipped>
</skipped>
</testcase>
<testcase name="Service Pages Tests › Septic Services Page › should display sidebar with testimonial" classname="service-pages.spec.js" time="0">
<skipped>
</skipped>
</testcase>
<testcase name="Service Pages Tests › Septic Services Page › should display service gallery" classname="service-pages.spec.js" time="0">
<skipped>
</skipped>
</testcase>
<testcase name="Service Pages Tests › Septic Services Page › should display footer" classname="service-pages.spec.js" time="0">
<skipped>
</skipped>
</testcase>
<testcase name="Service Pages Tests › Septic Services Page › should be responsive on mobile" classname="service-pages.spec.js" time="0">
<skipped>
</skipped>
</testcase>
<testcase name="Service Pages Tests › Welding &amp; Fabrication Page › should load page successfully" classname="service-pages.spec.js" time="0">
<skipped>
</skipped>
</testcase>
<testcase name="Service Pages Tests › Welding &amp; Fabrication Page › should have proper navigation" classname="service-pages.spec.js" time="0">
<skipped>
</skipped>
</testcase>
<testcase name="Service Pages Tests › Welding &amp; Fabrication Page › should display hero section correctly" classname="service-pages.spec.js" time="0">
<skipped>
</skipped>
</testcase>
<testcase name="Service Pages Tests › Welding &amp; Fabrication Page › should display service details section" classname="service-pages.spec.js" time="0">
<skipped>
</skipped>
</testcase>
<testcase name="Service Pages Tests › Welding &amp; Fabrication Page › should display sidebar with testimonial" classname="service-pages.spec.js" time="0">
<skipped>
</skipped>
</testcase>
<testcase name="Service Pages Tests › Welding &amp; Fabrication Page › should display service gallery" classname="service-pages.spec.js" time="0">
<skipped>
</skipped>
</testcase>
<testcase name="Service Pages Tests › Welding &amp; Fabrication Page › should display footer" classname="service-pages.spec.js" time="0">
<skipped>
</skipped>
</testcase>
<testcase name="Service Pages Tests › Welding &amp; Fabrication Page › should be responsive on mobile" classname="service-pages.spec.js" time="0">
<skipped>
</skipped>
</testcase>
<testcase name="Service Pages Tests › Equipment Services Page › should load page successfully" classname="service-pages.spec.js" time="0">
<skipped>
</skipped>
</testcase>
<testcase name="Service Pages Tests › Equipment Services Page › should have proper navigation" classname="service-pages.spec.js" time="0">
<skipped>
</skipped>
</testcase>
<testcase name="Service Pages Tests › Equipment Services Page › should display hero section correctly" classname="service-pages.spec.js" time="0">
<skipped>
</skipped>
</testcase>
<testcase name="Service Pages Tests › Equipment Services Page › should display service details section" classname="service-pages.spec.js" time="0">
<skipped>
</skipped>
</testcase>
<testcase name="Service Pages Tests › Equipment Services Page › should display sidebar with testimonial" classname="service-pages.spec.js" time="0">
<skipped>
</skipped>
</testcase>
<testcase name="Service Pages Tests › Equipment Services Page › should display service gallery" classname="service-pages.spec.js" time="0">
<skipped>
</skipped>
</testcase>
<testcase name="Service Pages Tests › Equipment Services Page › should display footer" classname="service-pages.spec.js" time="0">
<skipped>
</skipped>
</testcase>
<testcase name="Service Pages Tests › Equipment Services Page › should be responsive on mobile" classname="service-pages.spec.js" time="0">
<skipped>
</skipped>
</testcase>
<testcase name="Service Pages Tests › should navigate between service pages" classname="service-pages.spec.js" time="0">
<skipped>
</skipped>
</testcase>
</testsuite>
<testsuite name="forms.spec.js" timestamp="2025-07-17T02:05:28.079Z" hostname="Mobile Safari" tests="11" failures="0" skipped="11" time="0" errors="0">
<testcase name="Forms Tests › Contact Form › should display contact form correctly" classname="forms.spec.js" time="0">
<skipped>
</skipped>
</testcase>
<testcase name="Forms Tests › Contact Form › should validate required fields" classname="forms.spec.js" time="0">
<skipped>
</skipped>
</testcase>
<testcase name="Forms Tests › Contact Form › should fill out contact form successfully" classname="forms.spec.js" time="0">
<skipped>
</skipped>
</testcase>
<testcase name="Forms Tests › Contact Form › should validate email format" classname="forms.spec.js" time="0">
<skipped>
</skipped>
</testcase>
<testcase name="Forms Tests › Payment Form › should display payment form correctly" classname="forms.spec.js" time="0">
<skipped>
</skipped>
</testcase>
<testcase name="Forms Tests › Payment Form › should validate payment form fields" classname="forms.spec.js" time="0">
<skipped>
</skipped>
</testcase>
<testcase name="Forms Tests › Payment Form › should fill out payment form successfully" classname="forms.spec.js" time="0">
<skipped>
</skipped>
</testcase>
<testcase name="Forms Tests › Payment Form › should show payment features" classname="forms.spec.js" time="0">
<skipped>
</skipped>
</testcase>
<testcase name="Forms Tests › Payment Form › should handle payment form submission" classname="forms.spec.js" time="0">
<skipped>
</skipped>
</testcase>
<testcase name="Forms Tests › Form Accessibility › should have proper form labels and accessibility" classname="forms.spec.js" time="0">
<skipped>
</skipped>
</testcase>
<testcase name="Forms Tests › Form Accessibility › should support keyboard navigation" classname="forms.spec.js" time="0">
<skipped>
</skipped>
</testcase>
</testsuite>
<testsuite name="homepage.spec.js" timestamp="2025-07-17T02:05:28.079Z" hostname="Mobile Safari" tests="12" failures="0" skipped="12" time="0" errors="0">
<testcase name="Homepage Tests › should load homepage successfully" classname="homepage.spec.js" time="0">
<skipped>
</skipped>
</testcase>
<testcase name="Homepage Tests › should have working navigation menu" classname="homepage.spec.js" time="0">
<skipped>
</skipped>
</testcase>
<testcase name="Homepage Tests › should display hero section correctly" classname="homepage.spec.js" time="0">
<skipped>
</skipped>
</testcase>
<testcase name="Homepage Tests › should display statistics section" classname="homepage.spec.js" time="0">
<skipped>
</skipped>
</testcase>
<testcase name="Homepage Tests › should display all service cards" classname="homepage.spec.js" time="0">
<skipped>
</skipped>
</testcase>
<testcase name="Homepage Tests › should have working service card links" classname="homepage.spec.js" time="0">
<skipped>
</skipped>
</testcase>
<testcase name="Homepage Tests › should display equipment showcase" classname="homepage.spec.js" time="0">
<skipped>
</skipped>
</testcase>
<testcase name="Homepage Tests › should display projects section" classname="homepage.spec.js" time="0">
<skipped>
</skipped>
</testcase>
<testcase name="Homepage Tests › should display about section" classname="homepage.spec.js" time="0">
<skipped>
</skipped>
</testcase>
<testcase name="Homepage Tests › should display contact section" classname="homepage.spec.js" time="0">
<skipped>
</skipped>
</testcase>
<testcase name="Homepage Tests › should display payment section" classname="homepage.spec.js" time="0">
<skipped>
</skipped>
</testcase>
<testcase name="Homepage Tests › should display footer" classname="homepage.spec.js" time="0">
<skipped>
</skipped>
</testcase>
</testsuite>
<testsuite name="service-pages.spec.js" timestamp="2025-07-17T02:05:28.079Z" hostname="Mobile Safari" tests="65" failures="0" skipped="65" time="0" errors="0">
<testcase name="Service Pages Tests › Heavy Hauling Services Page › should load page successfully" classname="service-pages.spec.js" time="0">
<skipped>
</skipped>
</testcase>
<testcase name="Service Pages Tests › Heavy Hauling Services Page › should have proper navigation" classname="service-pages.spec.js" time="0">
<skipped>
</skipped>
</testcase>
<testcase name="Service Pages Tests › Heavy Hauling Services Page › should display hero section correctly" classname="service-pages.spec.js" time="0">
<skipped>
</skipped>
</testcase>
<testcase name="Service Pages Tests › Heavy Hauling Services Page › should display service details section" classname="service-pages.spec.js" time="0">
<skipped>
</skipped>
</testcase>
<testcase name="Service Pages Tests › Heavy Hauling Services Page › should display sidebar with testimonial" classname="service-pages.spec.js" time="0">
<skipped>
</skipped>
</testcase>
<testcase name="Service Pages Tests › Heavy Hauling Services Page › should display service gallery" classname="service-pages.spec.js" time="0">
<skipped>
</skipped>
</testcase>
<testcase name="Service Pages Tests › Heavy Hauling Services Page › should display footer" classname="service-pages.spec.js" time="0">
<skipped>
</skipped>
</testcase>
<testcase name="Service Pages Tests › Heavy Hauling Services Page › should be responsive on mobile" classname="service-pages.spec.js" time="0">
<skipped>
</skipped>
</testcase>
<testcase name="Service Pages Tests › Gravel &amp; Stone Delivery Page › should load page successfully" classname="service-pages.spec.js" time="0">
<skipped>
</skipped>
</testcase>
<testcase name="Service Pages Tests › Gravel &amp; Stone Delivery Page › should have proper navigation" classname="service-pages.spec.js" time="0">
<skipped>
</skipped>
</testcase>
<testcase name="Service Pages Tests › Gravel &amp; Stone Delivery Page › should display hero section correctly" classname="service-pages.spec.js" time="0">
<skipped>
</skipped>
</testcase>
<testcase name="Service Pages Tests › Gravel &amp; Stone Delivery Page › should display service details section" classname="service-pages.spec.js" time="0">
<skipped>
</skipped>
</testcase>
<testcase name="Service Pages Tests › Gravel &amp; Stone Delivery Page › should display sidebar with testimonial" classname="service-pages.spec.js" time="0">
<skipped>
</skipped>
</testcase>
<testcase name="Service Pages Tests › Gravel &amp; Stone Delivery Page › should display service gallery" classname="service-pages.spec.js" time="0">
<skipped>
</skipped>
</testcase>
<testcase name="Service Pages Tests › Gravel &amp; Stone Delivery Page › should display footer" classname="service-pages.spec.js" time="0">
<skipped>
</skipped>
</testcase>
<testcase name="Service Pages Tests › Gravel &amp; Stone Delivery Page › should be responsive on mobile" classname="service-pages.spec.js" time="0">
<skipped>
</skipped>
</testcase>
<testcase name="Service Pages Tests › Site Preparation Services Page › should load page successfully" classname="service-pages.spec.js" time="0">
<skipped>
</skipped>
</testcase>
<testcase name="Service Pages Tests › Site Preparation Services Page › should have proper navigation" classname="service-pages.spec.js" time="0">
<skipped>
</skipped>
</testcase>
<testcase name="Service Pages Tests › Site Preparation Services Page › should display hero section correctly" classname="service-pages.spec.js" time="0">
<skipped>
</skipped>
</testcase>
<testcase name="Service Pages Tests › Site Preparation Services Page › should display service details section" classname="service-pages.spec.js" time="0">
<skipped>
</skipped>
</testcase>
<testcase name="Service Pages Tests › Site Preparation Services Page › should display sidebar with testimonial" classname="service-pages.spec.js" time="0">
<skipped>
</skipped>
</testcase>
<testcase name="Service Pages Tests › Site Preparation Services Page › should display service gallery" classname="service-pages.spec.js" time="0">
<skipped>
</skipped>
</testcase>
<testcase name="Service Pages Tests › Site Preparation Services Page › should display footer" classname="service-pages.spec.js" time="0">
<skipped>
</skipped>
</testcase>
<testcase name="Service Pages Tests › Site Preparation Services Page › should be responsive on mobile" classname="service-pages.spec.js" time="0">
<skipped>
</skipped>
</testcase>
<testcase name="Service Pages Tests › Residential Services Page › should load page successfully" classname="service-pages.spec.js" time="0">
<skipped>
</skipped>
</testcase>
<testcase name="Service Pages Tests › Residential Services Page › should have proper navigation" classname="service-pages.spec.js" time="0">
<skipped>
</skipped>
</testcase>
<testcase name="Service Pages Tests › Residential Services Page › should display hero section correctly" classname="service-pages.spec.js" time="0">
<skipped>
</skipped>
</testcase>
<testcase name="Service Pages Tests › Residential Services Page › should display service details section" classname="service-pages.spec.js" time="0">
<skipped>
</skipped>
</testcase>
<testcase name="Service Pages Tests › Residential Services Page › should display sidebar with testimonial" classname="service-pages.spec.js" time="0">
<skipped>
</skipped>
</testcase>
<testcase name="Service Pages Tests › Residential Services Page › should display service gallery" classname="service-pages.spec.js" time="0">
<skipped>
</skipped>
</testcase>
<testcase name="Service Pages Tests › Residential Services Page › should display footer" classname="service-pages.spec.js" time="0">
<skipped>
</skipped>
</testcase>
<testcase name="Service Pages Tests › Residential Services Page › should be responsive on mobile" classname="service-pages.spec.js" time="0">
<skipped>
</skipped>
</testcase>
<testcase name="Service Pages Tests › Equipment Transport Page › should load page successfully" classname="service-pages.spec.js" time="0">
<skipped>
</skipped>
</testcase>
<testcase name="Service Pages Tests › Equipment Transport Page › should have proper navigation" classname="service-pages.spec.js" time="0">
<skipped>
</skipped>
</testcase>
<testcase name="Service Pages Tests › Equipment Transport Page › should display hero section correctly" classname="service-pages.spec.js" time="0">
<skipped>
</skipped>
</testcase>
<testcase name="Service Pages Tests › Equipment Transport Page › should display service details section" classname="service-pages.spec.js" time="0">
<skipped>
</skipped>
</testcase>
<testcase name="Service Pages Tests › Equipment Transport Page › should display sidebar with testimonial" classname="service-pages.spec.js" time="0">
<skipped>
</skipped>
</testcase>
<testcase name="Service Pages Tests › Equipment Transport Page › should display service gallery" classname="service-pages.spec.js" time="0">
<skipped>
</skipped>
</testcase>
<testcase name="Service Pages Tests › Equipment Transport Page › should display footer" classname="service-pages.spec.js" time="0">
<skipped>
</skipped>
</testcase>
<testcase name="Service Pages Tests › Equipment Transport Page › should be responsive on mobile" classname="service-pages.spec.js" time="0">
<skipped>
</skipped>
</testcase>
<testcase name="Service Pages Tests › Septic Services Page › should load page successfully" classname="service-pages.spec.js" time="0">
<skipped>
</skipped>
</testcase>
<testcase name="Service Pages Tests › Septic Services Page › should have proper navigation" classname="service-pages.spec.js" time="0">
<skipped>
</skipped>
</testcase>
<testcase name="Service Pages Tests › Septic Services Page › should display hero section correctly" classname="service-pages.spec.js" time="0">
<skipped>
</skipped>
</testcase>
<testcase name="Service Pages Tests › Septic Services Page › should display service details section" classname="service-pages.spec.js" time="0">
<skipped>
</skipped>
</testcase>
<testcase name="Service Pages Tests › Septic Services Page › should display sidebar with testimonial" classname="service-pages.spec.js" time="0">
<skipped>
</skipped>
</testcase>
<testcase name="Service Pages Tests › Septic Services Page › should display service gallery" classname="service-pages.spec.js" time="0">
<skipped>
</skipped>
</testcase>
<testcase name="Service Pages Tests › Septic Services Page › should display footer" classname="service-pages.spec.js" time="0">
<skipped>
</skipped>
</testcase>
<testcase name="Service Pages Tests › Septic Services Page › should be responsive on mobile" classname="service-pages.spec.js" time="0">
<skipped>
</skipped>
</testcase>
<testcase name="Service Pages Tests › Welding &amp; Fabrication Page › should load page successfully" classname="service-pages.spec.js" time="0">
<skipped>
</skipped>
</testcase>
<testcase name="Service Pages Tests › Welding &amp; Fabrication Page › should have proper navigation" classname="service-pages.spec.js" time="0">
<skipped>
</skipped>
</testcase>
<testcase name="Service Pages Tests › Welding &amp; Fabrication Page › should display hero section correctly" classname="service-pages.spec.js" time="0">
<skipped>
</skipped>
</testcase>
<testcase name="Service Pages Tests › Welding &amp; Fabrication Page › should display service details section" classname="service-pages.spec.js" time="0">
<skipped>
</skipped>
</testcase>
<testcase name="Service Pages Tests › Welding &amp; Fabrication Page › should display sidebar with testimonial" classname="service-pages.spec.js" time="0">
<skipped>
</skipped>
</testcase>
<testcase name="Service Pages Tests › Welding &amp; Fabrication Page › should display service gallery" classname="service-pages.spec.js" time="0">
<skipped>
</skipped>
</testcase>
<testcase name="Service Pages Tests › Welding &amp; Fabrication Page › should display footer" classname="service-pages.spec.js" time="0">
<skipped>
</skipped>
</testcase>
<testcase name="Service Pages Tests › Welding &amp; Fabrication Page › should be responsive on mobile" classname="service-pages.spec.js" time="0">
<skipped>
</skipped>
</testcase>
<testcase name="Service Pages Tests › Equipment Services Page › should load page successfully" classname="service-pages.spec.js" time="0">
<skipped>
</skipped>
</testcase>
<testcase name="Service Pages Tests › Equipment Services Page › should have proper navigation" classname="service-pages.spec.js" time="0">
<skipped>
</skipped>
</testcase>
<testcase name="Service Pages Tests › Equipment Services Page › should display hero section correctly" classname="service-pages.spec.js" time="0">
<skipped>
</skipped>
</testcase>
<testcase name="Service Pages Tests › Equipment Services Page › should display service details section" classname="service-pages.spec.js" time="0">
<skipped>
</skipped>
</testcase>
<testcase name="Service Pages Tests › Equipment Services Page › should display sidebar with testimonial" classname="service-pages.spec.js" time="0">
<skipped>
</skipped>
</testcase>
<testcase name="Service Pages Tests › Equipment Services Page › should display service gallery" classname="service-pages.spec.js" time="0">
<skipped>
</skipped>
</testcase>
<testcase name="Service Pages Tests › Equipment Services Page › should display footer" classname="service-pages.spec.js" time="0">
<skipped>
</skipped>
</testcase>
<testcase name="Service Pages Tests › Equipment Services Page › should be responsive on mobile" classname="service-pages.spec.js" time="0">
<skipped>
</skipped>
</testcase>
<testcase name="Service Pages Tests › should navigate between service pages" classname="service-pages.spec.js" time="0">
<skipped>
</skipped>
</testcase>
</testsuite>
<testsuite name="forms.spec.js" timestamp="2025-07-17T02:05:28.079Z" hostname="Microsoft Edge" tests="11" failures="0" skipped="11" time="0" errors="0">
<testcase name="Forms Tests › Contact Form › should display contact form correctly" classname="forms.spec.js" time="0">
<skipped>
</skipped>
</testcase>
<testcase name="Forms Tests › Contact Form › should validate required fields" classname="forms.spec.js" time="0">
<skipped>
</skipped>
</testcase>
<testcase name="Forms Tests › Contact Form › should fill out contact form successfully" classname="forms.spec.js" time="0">
<skipped>
</skipped>
</testcase>
<testcase name="Forms Tests › Contact Form › should validate email format" classname="forms.spec.js" time="0">
<skipped>
</skipped>
</testcase>
<testcase name="Forms Tests › Payment Form › should display payment form correctly" classname="forms.spec.js" time="0">
<skipped>
</skipped>
</testcase>
<testcase name="Forms Tests › Payment Form › should validate payment form fields" classname="forms.spec.js" time="0">
<skipped>
</skipped>
</testcase>
<testcase name="Forms Tests › Payment Form › should fill out payment form successfully" classname="forms.spec.js" time="0">
<skipped>
</skipped>
</testcase>
<testcase name="Forms Tests › Payment Form › should show payment features" classname="forms.spec.js" time="0">
<skipped>
</skipped>
</testcase>
<testcase name="Forms Tests › Payment Form › should handle payment form submission" classname="forms.spec.js" time="0">
<skipped>
</skipped>
</testcase>
<testcase name="Forms Tests › Form Accessibility › should have proper form labels and accessibility" classname="forms.spec.js" time="0">
<skipped>
</skipped>
</testcase>
<testcase name="Forms Tests › Form Accessibility › should support keyboard navigation" classname="forms.spec.js" time="0">
<skipped>
</skipped>
</testcase>
</testsuite>
<testsuite name="homepage.spec.js" timestamp="2025-07-17T02:05:28.079Z" hostname="Microsoft Edge" tests="12" failures="0" skipped="12" time="0" errors="0">
<testcase name="Homepage Tests › should load homepage successfully" classname="homepage.spec.js" time="0">
<skipped>
</skipped>
</testcase>
<testcase name="Homepage Tests › should have working navigation menu" classname="homepage.spec.js" time="0">
<skipped>
</skipped>
</testcase>
<testcase name="Homepage Tests › should display hero section correctly" classname="homepage.spec.js" time="0">
<skipped>
</skipped>
</testcase>
<testcase name="Homepage Tests › should display statistics section" classname="homepage.spec.js" time="0">
<skipped>
</skipped>
</testcase>
<testcase name="Homepage Tests › should display all service cards" classname="homepage.spec.js" time="0">
<skipped>
</skipped>
</testcase>
<testcase name="Homepage Tests › should have working service card links" classname="homepage.spec.js" time="0">
<skipped>
</skipped>
</testcase>
<testcase name="Homepage Tests › should display equipment showcase" classname="homepage.spec.js" time="0">
<skipped>
</skipped>
</testcase>
<testcase name="Homepage Tests › should display projects section" classname="homepage.spec.js" time="0">
<skipped>
</skipped>
</testcase>
<testcase name="Homepage Tests › should display about section" classname="homepage.spec.js" time="0">
<skipped>
</skipped>
</testcase>
<testcase name="Homepage Tests › should display contact section" classname="homepage.spec.js" time="0">
<skipped>
</skipped>
</testcase>
<testcase name="Homepage Tests › should display payment section" classname="homepage.spec.js" time="0">
<skipped>
</skipped>
</testcase>
<testcase name="Homepage Tests › should display footer" classname="homepage.spec.js" time="0">
<skipped>
</skipped>
</testcase>
</testsuite>
<testsuite name="service-pages.spec.js" timestamp="2025-07-17T02:05:28.079Z" hostname="Microsoft Edge" tests="65" failures="0" skipped="65" time="0" errors="0">
<testcase name="Service Pages Tests › Heavy Hauling Services Page › should load page successfully" classname="service-pages.spec.js" time="0">
<skipped>
</skipped>
</testcase>
<testcase name="Service Pages Tests › Heavy Hauling Services Page › should have proper navigation" classname="service-pages.spec.js" time="0">
<skipped>
</skipped>
</testcase>
<testcase name="Service Pages Tests › Heavy Hauling Services Page › should display hero section correctly" classname="service-pages.spec.js" time="0">
<skipped>
</skipped>
</testcase>
<testcase name="Service Pages Tests › Heavy Hauling Services Page › should display service details section" classname="service-pages.spec.js" time="0">
<skipped>
</skipped>
</testcase>
<testcase name="Service Pages Tests › Heavy Hauling Services Page › should display sidebar with testimonial" classname="service-pages.spec.js" time="0">
<skipped>
</skipped>
</testcase>
<testcase name="Service Pages Tests › Heavy Hauling Services Page › should display service gallery" classname="service-pages.spec.js" time="0">
<skipped>
</skipped>
</testcase>
<testcase name="Service Pages Tests › Heavy Hauling Services Page › should display footer" classname="service-pages.spec.js" time="0">
<skipped>
</skipped>
</testcase>
<testcase name="Service Pages Tests › Heavy Hauling Services Page › should be responsive on mobile" classname="service-pages.spec.js" time="0">
<skipped>
</skipped>
</testcase>
<testcase name="Service Pages Tests › Gravel &amp; Stone Delivery Page › should load page successfully" classname="service-pages.spec.js" time="0">
<skipped>
</skipped>
</testcase>
<testcase name="Service Pages Tests › Gravel &amp; Stone Delivery Page › should have proper navigation" classname="service-pages.spec.js" time="0">
<skipped>
</skipped>
</testcase>
<testcase name="Service Pages Tests › Gravel &amp; Stone Delivery Page › should display hero section correctly" classname="service-pages.spec.js" time="0">
<skipped>
</skipped>
</testcase>
<testcase name="Service Pages Tests › Gravel &amp; Stone Delivery Page › should display service details section" classname="service-pages.spec.js" time="0">
<skipped>
</skipped>
</testcase>
<testcase name="Service Pages Tests › Gravel &amp; Stone Delivery Page › should display sidebar with testimonial" classname="service-pages.spec.js" time="0">
<skipped>
</skipped>
</testcase>
<testcase name="Service Pages Tests › Gravel &amp; Stone Delivery Page › should display service gallery" classname="service-pages.spec.js" time="0">
<skipped>
</skipped>
</testcase>
<testcase name="Service Pages Tests › Gravel &amp; Stone Delivery Page › should display footer" classname="service-pages.spec.js" time="0">
<skipped>
</skipped>
</testcase>
<testcase name="Service Pages Tests › Gravel &amp; Stone Delivery Page › should be responsive on mobile" classname="service-pages.spec.js" time="0">
<skipped>
</skipped>
</testcase>
<testcase name="Service Pages Tests › Site Preparation Services Page › should load page successfully" classname="service-pages.spec.js" time="0">
<skipped>
</skipped>
</testcase>
<testcase name="Service Pages Tests › Site Preparation Services Page › should have proper navigation" classname="service-pages.spec.js" time="0">
<skipped>
</skipped>
</testcase>
<testcase name="Service Pages Tests › Site Preparation Services Page › should display hero section correctly" classname="service-pages.spec.js" time="0">
<skipped>
</skipped>
</testcase>
<testcase name="Service Pages Tests › Site Preparation Services Page › should display service details section" classname="service-pages.spec.js" time="0">
<skipped>
</skipped>
</testcase>
<testcase name="Service Pages Tests › Site Preparation Services Page › should display sidebar with testimonial" classname="service-pages.spec.js" time="0">
<skipped>
</skipped>
</testcase>
<testcase name="Service Pages Tests › Site Preparation Services Page › should display service gallery" classname="service-pages.spec.js" time="0">
<skipped>
</skipped>
</testcase>
<testcase name="Service Pages Tests › Site Preparation Services Page › should display footer" classname="service-pages.spec.js" time="0">
<skipped>
</skipped>
</testcase>
<testcase name="Service Pages Tests › Site Preparation Services Page › should be responsive on mobile" classname="service-pages.spec.js" time="0">
<skipped>
</skipped>
</testcase>
<testcase name="Service Pages Tests › Residential Services Page › should load page successfully" classname="service-pages.spec.js" time="0">
<skipped>
</skipped>
</testcase>
<testcase name="Service Pages Tests › Residential Services Page › should have proper navigation" classname="service-pages.spec.js" time="0">
<skipped>
</skipped>
</testcase>
<testcase name="Service Pages Tests › Residential Services Page › should display hero section correctly" classname="service-pages.spec.js" time="0">
<skipped>
</skipped>
</testcase>
<testcase name="Service Pages Tests › Residential Services Page › should display service details section" classname="service-pages.spec.js" time="0">
<skipped>
</skipped>
</testcase>
<testcase name="Service Pages Tests › Residential Services Page › should display sidebar with testimonial" classname="service-pages.spec.js" time="0">
<skipped>
</skipped>
</testcase>
<testcase name="Service Pages Tests › Residential Services Page › should display service gallery" classname="service-pages.spec.js" time="0">
<skipped>
</skipped>
</testcase>
<testcase name="Service Pages Tests › Residential Services Page › should display footer" classname="service-pages.spec.js" time="0">
<skipped>
</skipped>
</testcase>
<testcase name="Service Pages Tests › Residential Services Page › should be responsive on mobile" classname="service-pages.spec.js" time="0">
<skipped>
</skipped>
</testcase>
<testcase name="Service Pages Tests › Equipment Transport Page › should load page successfully" classname="service-pages.spec.js" time="0">
<skipped>
</skipped>
</testcase>
<testcase name="Service Pages Tests › Equipment Transport Page › should have proper navigation" classname="service-pages.spec.js" time="0">
<skipped>
</skipped>
</testcase>
<testcase name="Service Pages Tests › Equipment Transport Page › should display hero section correctly" classname="service-pages.spec.js" time="0">
<skipped>
</skipped>
</testcase>
<testcase name="Service Pages Tests › Equipment Transport Page › should display service details section" classname="service-pages.spec.js" time="0">
<skipped>
</skipped>
</testcase>
<testcase name="Service Pages Tests › Equipment Transport Page › should display sidebar with testimonial" classname="service-pages.spec.js" time="0">
<skipped>
</skipped>
</testcase>
<testcase name="Service Pages Tests › Equipment Transport Page › should display service gallery" classname="service-pages.spec.js" time="0">
<skipped>
</skipped>
</testcase>
<testcase name="Service Pages Tests › Equipment Transport Page › should display footer" classname="service-pages.spec.js" time="0">
<skipped>
</skipped>
</testcase>
<testcase name="Service Pages Tests › Equipment Transport Page › should be responsive on mobile" classname="service-pages.spec.js" time="0">
<skipped>
</skipped>
</testcase>
<testcase name="Service Pages Tests › Septic Services Page › should load page successfully" classname="service-pages.spec.js" time="0">
<skipped>
</skipped>
</testcase>
<testcase name="Service Pages Tests › Septic Services Page › should have proper navigation" classname="service-pages.spec.js" time="0">
<skipped>
</skipped>
</testcase>
<testcase name="Service Pages Tests › Septic Services Page › should display hero section correctly" classname="service-pages.spec.js" time="0">
<skipped>
</skipped>
</testcase>
<testcase name="Service Pages Tests › Septic Services Page › should display service details section" classname="service-pages.spec.js" time="0">
<skipped>
</skipped>
</testcase>
<testcase name="Service Pages Tests › Septic Services Page › should display sidebar with testimonial" classname="service-pages.spec.js" time="0">
<skipped>
</skipped>
</testcase>
<testcase name="Service Pages Tests › Septic Services Page › should display service gallery" classname="service-pages.spec.js" time="0">
<skipped>
</skipped>
</testcase>
<testcase name="Service Pages Tests › Septic Services Page › should display footer" classname="service-pages.spec.js" time="0">
<skipped>
</skipped>
</testcase>
<testcase name="Service Pages Tests › Septic Services Page › should be responsive on mobile" classname="service-pages.spec.js" time="0">
<skipped>
</skipped>
</testcase>
<testcase name="Service Pages Tests › Welding &amp; Fabrication Page › should load page successfully" classname="service-pages.spec.js" time="0">
<skipped>
</skipped>
</testcase>
<testcase name="Service Pages Tests › Welding &amp; Fabrication Page › should have proper navigation" classname="service-pages.spec.js" time="0">
<skipped>
</skipped>
</testcase>
<testcase name="Service Pages Tests › Welding &amp; Fabrication Page › should display hero section correctly" classname="service-pages.spec.js" time="0">
<skipped>
</skipped>
</testcase>
<testcase name="Service Pages Tests › Welding &amp; Fabrication Page › should display service details section" classname="service-pages.spec.js" time="0">
<skipped>
</skipped>
</testcase>
<testcase name="Service Pages Tests › Welding &amp; Fabrication Page › should display sidebar with testimonial" classname="service-pages.spec.js" time="0">
<skipped>
</skipped>
</testcase>
<testcase name="Service Pages Tests › Welding &amp; Fabrication Page › should display service gallery" classname="service-pages.spec.js" time="0">
<skipped>
</skipped>
</testcase>
<testcase name="Service Pages Tests › Welding &amp; Fabrication Page › should display footer" classname="service-pages.spec.js" time="0">
<skipped>
</skipped>
</testcase>
<testcase name="Service Pages Tests › Welding &amp; Fabrication Page › should be responsive on mobile" classname="service-pages.spec.js" time="0">
<skipped>
</skipped>
</testcase>
<testcase name="Service Pages Tests › Equipment Services Page › should load page successfully" classname="service-pages.spec.js" time="0">
<skipped>
</skipped>
</testcase>
<testcase name="Service Pages Tests › Equipment Services Page › should have proper navigation" classname="service-pages.spec.js" time="0">
<skipped>
</skipped>
</testcase>
<testcase name="Service Pages Tests › Equipment Services Page › should display hero section correctly" classname="service-pages.spec.js" time="0">
<skipped>
</skipped>
</testcase>
<testcase name="Service Pages Tests › Equipment Services Page › should display service details section" classname="service-pages.spec.js" time="0">
<skipped>
</skipped>
</testcase>
<testcase name="Service Pages Tests › Equipment Services Page › should display sidebar with testimonial" classname="service-pages.spec.js" time="0">
<skipped>
</skipped>
</testcase>
<testcase name="Service Pages Tests › Equipment Services Page › should display service gallery" classname="service-pages.spec.js" time="0">
<skipped>
</skipped>
</testcase>
<testcase name="Service Pages Tests › Equipment Services Page › should display footer" classname="service-pages.spec.js" time="0">
<skipped>
</skipped>
</testcase>
<testcase name="Service Pages Tests › Equipment Services Page › should be responsive on mobile" classname="service-pages.spec.js" time="0">
<skipped>
</skipped>
</testcase>
<testcase name="Service Pages Tests › should navigate between service pages" classname="service-pages.spec.js" time="0">
<skipped>
</skipped>
</testcase>
</testsuite>
<testsuite name="forms.spec.js" timestamp="2025-07-17T02:05:28.079Z" hostname="Google Chrome" tests="11" failures="0" skipped="11" time="0" errors="0">
<testcase name="Forms Tests › Contact Form › should display contact form correctly" classname="forms.spec.js" time="0">
<skipped>
</skipped>
</testcase>
<testcase name="Forms Tests › Contact Form › should validate required fields" classname="forms.spec.js" time="0">
<skipped>
</skipped>
</testcase>
<testcase name="Forms Tests › Contact Form › should fill out contact form successfully" classname="forms.spec.js" time="0">
<skipped>
</skipped>
</testcase>
<testcase name="Forms Tests › Contact Form › should validate email format" classname="forms.spec.js" time="0">
<skipped>
</skipped>
</testcase>
<testcase name="Forms Tests › Payment Form › should display payment form correctly" classname="forms.spec.js" time="0">
<skipped>
</skipped>
</testcase>
<testcase name="Forms Tests › Payment Form › should validate payment form fields" classname="forms.spec.js" time="0">
<skipped>
</skipped>
</testcase>
<testcase name="Forms Tests › Payment Form › should fill out payment form successfully" classname="forms.spec.js" time="0">
<skipped>
</skipped>
</testcase>
<testcase name="Forms Tests › Payment Form › should show payment features" classname="forms.spec.js" time="0">
<skipped>
</skipped>
</testcase>
<testcase name="Forms Tests › Payment Form › should handle payment form submission" classname="forms.spec.js" time="0">
<skipped>
</skipped>
</testcase>
<testcase name="Forms Tests › Form Accessibility › should have proper form labels and accessibility" classname="forms.spec.js" time="0">
<skipped>
</skipped>
</testcase>
<testcase name="Forms Tests › Form Accessibility › should support keyboard navigation" classname="forms.spec.js" time="0">
<skipped>
</skipped>
</testcase>
</testsuite>
<testsuite name="homepage.spec.js" timestamp="2025-07-17T02:05:28.079Z" hostname="Google Chrome" tests="12" failures="0" skipped="12" time="0" errors="0">
<testcase name="Homepage Tests › should load homepage successfully" classname="homepage.spec.js" time="0">
<skipped>
</skipped>
</testcase>
<testcase name="Homepage Tests › should have working navigation menu" classname="homepage.spec.js" time="0">
<skipped>
</skipped>
</testcase>
<testcase name="Homepage Tests › should display hero section correctly" classname="homepage.spec.js" time="0">
<skipped>
</skipped>
</testcase>
<testcase name="Homepage Tests › should display statistics section" classname="homepage.spec.js" time="0">
<skipped>
</skipped>
</testcase>
<testcase name="Homepage Tests › should display all service cards" classname="homepage.spec.js" time="0">
<skipped>
</skipped>
</testcase>
<testcase name="Homepage Tests › should have working service card links" classname="homepage.spec.js" time="0">
<skipped>
</skipped>
</testcase>
<testcase name="Homepage Tests › should display equipment showcase" classname="homepage.spec.js" time="0">
<skipped>
</skipped>
</testcase>
<testcase name="Homepage Tests › should display projects section" classname="homepage.spec.js" time="0">
<skipped>
</skipped>
</testcase>
<testcase name="Homepage Tests › should display about section" classname="homepage.spec.js" time="0">
<skipped>
</skipped>
</testcase>
<testcase name="Homepage Tests › should display contact section" classname="homepage.spec.js" time="0">
<skipped>
</skipped>
</testcase>
<testcase name="Homepage Tests › should display payment section" classname="homepage.spec.js" time="0">
<skipped>
</skipped>
</testcase>
<testcase name="Homepage Tests › should display footer" classname="homepage.spec.js" time="0">
<skipped>
</skipped>
</testcase>
</testsuite>
<testsuite name="service-pages.spec.js" timestamp="2025-07-17T02:05:28.079Z" hostname="Google Chrome" tests="65" failures="0" skipped="65" time="0" errors="0">
<testcase name="Service Pages Tests › Heavy Hauling Services Page › should load page successfully" classname="service-pages.spec.js" time="0">
<skipped>
</skipped>
</testcase>
<testcase name="Service Pages Tests › Heavy Hauling Services Page › should have proper navigation" classname="service-pages.spec.js" time="0">
<skipped>
</skipped>
</testcase>
<testcase name="Service Pages Tests › Heavy Hauling Services Page › should display hero section correctly" classname="service-pages.spec.js" time="0">
<skipped>
</skipped>
</testcase>
<testcase name="Service Pages Tests › Heavy Hauling Services Page › should display service details section" classname="service-pages.spec.js" time="0">
<skipped>
</skipped>
</testcase>
<testcase name="Service Pages Tests › Heavy Hauling Services Page › should display sidebar with testimonial" classname="service-pages.spec.js" time="0">
<skipped>
</skipped>
</testcase>
<testcase name="Service Pages Tests › Heavy Hauling Services Page › should display service gallery" classname="service-pages.spec.js" time="0">
<skipped>
</skipped>
</testcase>
<testcase name="Service Pages Tests › Heavy Hauling Services Page › should display footer" classname="service-pages.spec.js" time="0">
<skipped>
</skipped>
</testcase>
<testcase name="Service Pages Tests › Heavy Hauling Services Page › should be responsive on mobile" classname="service-pages.spec.js" time="0">
<skipped>
</skipped>
</testcase>
<testcase name="Service Pages Tests › Gravel &amp; Stone Delivery Page › should load page successfully" classname="service-pages.spec.js" time="0">
<skipped>
</skipped>
</testcase>
<testcase name="Service Pages Tests › Gravel &amp; Stone Delivery Page › should have proper navigation" classname="service-pages.spec.js" time="0">
<skipped>
</skipped>
</testcase>
<testcase name="Service Pages Tests › Gravel &amp; Stone Delivery Page › should display hero section correctly" classname="service-pages.spec.js" time="0">
<skipped>
</skipped>
</testcase>
<testcase name="Service Pages Tests › Gravel &amp; Stone Delivery Page › should display service details section" classname="service-pages.spec.js" time="0">
<skipped>
</skipped>
</testcase>
<testcase name="Service Pages Tests › Gravel &amp; Stone Delivery Page › should display sidebar with testimonial" classname="service-pages.spec.js" time="0">
<skipped>
</skipped>
</testcase>
<testcase name="Service Pages Tests › Gravel &amp; Stone Delivery Page › should display service gallery" classname="service-pages.spec.js" time="0">
<skipped>
</skipped>
</testcase>
<testcase name="Service Pages Tests › Gravel &amp; Stone Delivery Page › should display footer" classname="service-pages.spec.js" time="0">
<skipped>
</skipped>
</testcase>
<testcase name="Service Pages Tests › Gravel &amp; Stone Delivery Page › should be responsive on mobile" classname="service-pages.spec.js" time="0">
<skipped>
</skipped>
</testcase>
<testcase name="Service Pages Tests › Site Preparation Services Page › should load page successfully" classname="service-pages.spec.js" time="0">
<skipped>
</skipped>
</testcase>
<testcase name="Service Pages Tests › Site Preparation Services Page › should have proper navigation" classname="service-pages.spec.js" time="0">
<skipped>
</skipped>
</testcase>
<testcase name="Service Pages Tests › Site Preparation Services Page › should display hero section correctly" classname="service-pages.spec.js" time="0">
<skipped>
</skipped>
</testcase>
<testcase name="Service Pages Tests › Site Preparation Services Page › should display service details section" classname="service-pages.spec.js" time="0">
<skipped>
</skipped>
</testcase>
<testcase name="Service Pages Tests › Site Preparation Services Page › should display sidebar with testimonial" classname="service-pages.spec.js" time="0">
<skipped>
</skipped>
</testcase>
<testcase name="Service Pages Tests › Site Preparation Services Page › should display service gallery" classname="service-pages.spec.js" time="0">
<skipped>
</skipped>
</testcase>
<testcase name="Service Pages Tests › Site Preparation Services Page › should display footer" classname="service-pages.spec.js" time="0">
<skipped>
</skipped>
</testcase>
<testcase name="Service Pages Tests › Site Preparation Services Page › should be responsive on mobile" classname="service-pages.spec.js" time="0">
<skipped>
</skipped>
</testcase>
<testcase name="Service Pages Tests › Residential Services Page › should load page successfully" classname="service-pages.spec.js" time="0">
<skipped>
</skipped>
</testcase>
<testcase name="Service Pages Tests › Residential Services Page › should have proper navigation" classname="service-pages.spec.js" time="0">
<skipped>
</skipped>
</testcase>
<testcase name="Service Pages Tests › Residential Services Page › should display hero section correctly" classname="service-pages.spec.js" time="0">
<skipped>
</skipped>
</testcase>
<testcase name="Service Pages Tests › Residential Services Page › should display service details section" classname="service-pages.spec.js" time="0">
<skipped>
</skipped>
</testcase>
<testcase name="Service Pages Tests › Residential Services Page › should display sidebar with testimonial" classname="service-pages.spec.js" time="0">
<skipped>
</skipped>
</testcase>
<testcase name="Service Pages Tests › Residential Services Page › should display service gallery" classname="service-pages.spec.js" time="0">
<skipped>
</skipped>
</testcase>
<testcase name="Service Pages Tests › Residential Services Page › should display footer" classname="service-pages.spec.js" time="0">
<skipped>
</skipped>
</testcase>
<testcase name="Service Pages Tests › Residential Services Page › should be responsive on mobile" classname="service-pages.spec.js" time="0">
<skipped>
</skipped>
</testcase>
<testcase name="Service Pages Tests › Equipment Transport Page › should load page successfully" classname="service-pages.spec.js" time="0">
<skipped>
</skipped>
</testcase>
<testcase name="Service Pages Tests › Equipment Transport Page › should have proper navigation" classname="service-pages.spec.js" time="0">
<skipped>
</skipped>
</testcase>
<testcase name="Service Pages Tests › Equipment Transport Page › should display hero section correctly" classname="service-pages.spec.js" time="0">
<skipped>
</skipped>
</testcase>
<testcase name="Service Pages Tests › Equipment Transport Page › should display service details section" classname="service-pages.spec.js" time="0">
<skipped>
</skipped>
</testcase>
<testcase name="Service Pages Tests › Equipment Transport Page › should display sidebar with testimonial" classname="service-pages.spec.js" time="0">
<skipped>
</skipped>
</testcase>
<testcase name="Service Pages Tests › Equipment Transport Page › should display service gallery" classname="service-pages.spec.js" time="0">
<skipped>
</skipped>
</testcase>
<testcase name="Service Pages Tests › Equipment Transport Page › should display footer" classname="service-pages.spec.js" time="0">
<skipped>
</skipped>
</testcase>
<testcase name="Service Pages Tests › Equipment Transport Page › should be responsive on mobile" classname="service-pages.spec.js" time="0">
<skipped>
</skipped>
</testcase>
<testcase name="Service Pages Tests › Septic Services Page › should load page successfully" classname="service-pages.spec.js" time="0">
<skipped>
</skipped>
</testcase>
<testcase name="Service Pages Tests › Septic Services Page › should have proper navigation" classname="service-pages.spec.js" time="0">
<skipped>
</skipped>
</testcase>
<testcase name="Service Pages Tests › Septic Services Page › should display hero section correctly" classname="service-pages.spec.js" time="0">
<skipped>
</skipped>
</testcase>
<testcase name="Service Pages Tests › Septic Services Page › should display service details section" classname="service-pages.spec.js" time="0">
<skipped>
</skipped>
</testcase>
<testcase name="Service Pages Tests › Septic Services Page › should display sidebar with testimonial" classname="service-pages.spec.js" time="0">
<skipped>
</skipped>
</testcase>
<testcase name="Service Pages Tests › Septic Services Page › should display service gallery" classname="service-pages.spec.js" time="0">
<skipped>
</skipped>
</testcase>
<testcase name="Service Pages Tests › Septic Services Page › should display footer" classname="service-pages.spec.js" time="0">
<skipped>
</skipped>
</testcase>
<testcase name="Service Pages Tests › Septic Services Page › should be responsive on mobile" classname="service-pages.spec.js" time="0">
<skipped>
</skipped>
</testcase>
<testcase name="Service Pages Tests › Welding &amp; Fabrication Page › should load page successfully" classname="service-pages.spec.js" time="0">
<skipped>
</skipped>
</testcase>
<testcase name="Service Pages Tests › Welding &amp; Fabrication Page › should have proper navigation" classname="service-pages.spec.js" time="0">
<skipped>
</skipped>
</testcase>
<testcase name="Service Pages Tests › Welding &amp; Fabrication Page › should display hero section correctly" classname="service-pages.spec.js" time="0">
<skipped>
</skipped>
</testcase>
<testcase name="Service Pages Tests › Welding &amp; Fabrication Page › should display service details section" classname="service-pages.spec.js" time="0">
<skipped>
</skipped>
</testcase>
<testcase name="Service Pages Tests › Welding &amp; Fabrication Page › should display sidebar with testimonial" classname="service-pages.spec.js" time="0">
<skipped>
</skipped>
</testcase>
<testcase name="Service Pages Tests › Welding &amp; Fabrication Page › should display service gallery" classname="service-pages.spec.js" time="0">
<skipped>
</skipped>
</testcase>
<testcase name="Service Pages Tests › Welding &amp; Fabrication Page › should display footer" classname="service-pages.spec.js" time="0">
<skipped>
</skipped>
</testcase>
<testcase name="Service Pages Tests › Welding &amp; Fabrication Page › should be responsive on mobile" classname="service-pages.spec.js" time="0">
<skipped>
</skipped>
</testcase>
<testcase name="Service Pages Tests › Equipment Services Page › should load page successfully" classname="service-pages.spec.js" time="0">
<skipped>
</skipped>
</testcase>
<testcase name="Service Pages Tests › Equipment Services Page › should have proper navigation" classname="service-pages.spec.js" time="0">
<skipped>
</skipped>
</testcase>
<testcase name="Service Pages Tests › Equipment Services Page › should display hero section correctly" classname="service-pages.spec.js" time="0">
<skipped>
</skipped>
</testcase>
<testcase name="Service Pages Tests › Equipment Services Page › should display service details section" classname="service-pages.spec.js" time="0">
<skipped>
</skipped>
</testcase>
<testcase name="Service Pages Tests › Equipment Services Page › should display sidebar with testimonial" classname="service-pages.spec.js" time="0">
<skipped>
</skipped>
</testcase>
<testcase name="Service Pages Tests › Equipment Services Page › should display service gallery" classname="service-pages.spec.js" time="0">
<skipped>
</skipped>
</testcase>
<testcase name="Service Pages Tests › Equipment Services Page › should display footer" classname="service-pages.spec.js" time="0">
<skipped>
</skipped>
</testcase>
<testcase name="Service Pages Tests › Equipment Services Page › should be responsive on mobile" classname="service-pages.spec.js" time="0">
<skipped>
</skipped>
</testcase>
<testcase name="Service Pages Tests › should navigate between service pages" classname="service-pages.spec.js" time="0">
<skipped>
</skipped>
</testcase>
</testsuite>
</testsuites>